Archive member included to satisfy reference by file (symbol)

c:/program files (x86)/atollic/truestudio for arm 6.0.0/armtools/bin/../lib/gcc/arm-atollic-eabi/5.3.1/../../../../arm-atollic-eabi/lib/armv7e-m/fpu\libstdc++_nano.a(pure.o)
                              mbed\hal\common\FileLike.o (__cxa_pure_virtual)
c:/program files (x86)/atollic/truestudio for arm 6.0.0/armtools/bin/../lib/gcc/arm-atollic-eabi/5.3.1/../../../../arm-atollic-eabi/lib/armv7e-m/fpu\libstdc++_nano.a(eh_terminate.o)
                              c:/program files (x86)/atollic/truestudio for arm 6.0.0/armtools/bin/../lib/gcc/arm-atollic-eabi/5.3.1/../../../../arm-atollic-eabi/lib/armv7e-m/fpu\libstdc++_nano.a(pure.o) (std::terminate())
c:/program files (x86)/atollic/truestudio for arm 6.0.0/armtools/bin/../lib/gcc/arm-atollic-eabi/5.3.1/../../../../arm-atollic-eabi/lib/armv7e-m/fpu\libstdc++_nano.a(eh_term_handler.o)
                              c:/program files (x86)/atollic/truestudio for arm 6.0.0/armtools/bin/../lib/gcc/arm-atollic-eabi/5.3.1/../../../../arm-atollic-eabi/lib/armv7e-m/fpu\libstdc++_nano.a(eh_terminate.o) (__cxxabiv1::__terminate_handler)
c:/program files (x86)/atollic/truestudio for arm 6.0.0/armtools/bin/../lib/gcc/arm-atollic-eabi/5.3.1/../../../../arm-atollic-eabi/lib/armv7e-m/fpu\libstdc++_nano.a(eh_unex_handler.o)
                              c:/program files (x86)/atollic/truestudio for arm 6.0.0/armtools/bin/../lib/gcc/arm-atollic-eabi/5.3.1/../../../../arm-atollic-eabi/lib/armv7e-m/fpu\libstdc++_nano.a(eh_terminate.o) (__cxxabiv1::__unexpected_handler)
c:/program files (x86)/atollic/truestudio for arm 6.0.0/armtools/bin/../lib/gcc/arm-atollic-eabi/5.3.1/../../../../arm-atollic-eabi/lib/armv7e-m/fpu\libc_nano.a(lib_a-abort.o)
                              c:/program files (x86)/atollic/truestudio for arm 6.0.0/armtools/bin/../lib/gcc/arm-atollic-eabi/5.3.1/../../../../arm-atollic-eabi/lib/armv7e-m/fpu\libstdc++_nano.a(eh_terminate.o) (abort)
c:/program files (x86)/atollic/truestudio for arm 6.0.0/armtools/bin/../lib/gcc/arm-atollic-eabi/5.3.1/../../../../arm-atollic-eabi/lib/armv7e-m/fpu\libc_nano.a(lib_a-errno.o)
                              mbed\hal\common\retarget.o (__errno)
c:/program files (x86)/atollic/truestudio for arm 6.0.0/armtools/bin/../lib/gcc/arm-atollic-eabi/5.3.1/../../../../arm-atollic-eabi/lib/armv7e-m/fpu\libc_nano.a(lib_a-fclose.o)
                              mbed\hal\common\Stream.o (fclose)
c:/program files (x86)/atollic/truestudio for arm 6.0.0/armtools/bin/../lib/gcc/arm-atollic-eabi/5.3.1/../../../../arm-atollic-eabi/lib/armv7e-m/fpu\libc_nano.a(lib_a-fflush.o)
                              c:/program files (x86)/atollic/truestudio for arm 6.0.0/armtools/bin/../lib/gcc/arm-atollic-eabi/5.3.1/../../../../arm-atollic-eabi/lib/armv7e-m/fpu\libc_nano.a(lib_a-fclose.o) (__sflush_r)
c:/program files (x86)/atollic/truestudio for arm 6.0.0/armtools/bin/../lib/gcc/arm-atollic-eabi/5.3.1/../../../../arm-atollic-eabi/lib/armv7e-m/fpu\libc_nano.a(lib_a-fgetc.o)
                              mbed\hal\common\retarget.o (fgetc)
c:/program files (x86)/atollic/truestudio for arm 6.0.0/armtools/bin/../lib/gcc/arm-atollic-eabi/5.3.1/../../../../arm-atollic-eabi/lib/armv7e-m/fpu\libc_nano.a(lib_a-fgets.o)
                              mbed\hal\common\retarget.o (fgets)
c:/program files (x86)/atollic/truestudio for arm 6.0.0/armtools/bin/../lib/gcc/arm-atollic-eabi/5.3.1/../../../../arm-atollic-eabi/lib/armv7e-m/fpu\libc_nano.a(lib_a-findfp.o)
                              c:/program files (x86)/atollic/truestudio for arm 6.0.0/armtools/bin/../lib/gcc/arm-atollic-eabi/5.3.1/../../../../arm-atollic-eabi/lib/armv7e-m/fpu\libc_nano.a(lib_a-fclose.o) (__sinit)
c:/program files (x86)/atollic/truestudio for arm 6.0.0/armtools/bin/../lib/gcc/arm-atollic-eabi/5.3.1/../../../../arm-atollic-eabi/lib/armv7e-m/fpu\libc_nano.a(lib_a-fopen.o)
                              mbed\hal\common\Stream.o (fopen)
c:/program files (x86)/atollic/truestudio for arm 6.0.0/armtools/bin/../lib/gcc/arm-atollic-eabi/5.3.1/../../../../arm-atollic-eabi/lib/armv7e-m/fpu\libc_nano.a(lib_a-fputc.o)
                              mbed\hal\common\Stream.o (fputc)
c:/program files (x86)/atollic/truestudio for arm 6.0.0/armtools/bin/../lib/gcc/arm-atollic-eabi/5.3.1/../../../../arm-atollic-eabi/lib/armv7e-m/fpu\libc_nano.a(lib_a-fseek.o)
                              c:/program files (x86)/atollic/truestudio for arm 6.0.0/armtools/bin/../lib/gcc/arm-atollic-eabi/5.3.1/../../../../arm-atollic-eabi/lib/armv7e-m/fpu\libc_nano.a(lib_a-fopen.o) (_fseek_r)
c:/program files (x86)/atollic/truestudio for arm 6.0.0/armtools/bin/../lib/gcc/arm-atollic-eabi/5.3.1/../../../../arm-atollic-eabi/lib/armv7e-m/fpu\libc_nano.a(lib_a-fseeko.o)
[...]
Memory Configuration

Name             Origin             Length             Attributes
FLASH            0x08000000         0x00100000         xr
RAM              0x20000000         0x00020000         xrw
MEMORY_B1        0x60000000         0x00000000         xr
CCMRAM           0x10000000         0x00010000         rw
*default*        0x00000000         0xffffffff

Linker script and memory map

LOAD c:/program files (x86)/atollic/truestudio for arm 6.0.0/armtools/bin/../lib/gcc/arm-atollic-eabi/5.3.1/armv7e-m/fpu/crti.o
LOAD c:/program files (x86)/atollic/truestudio for arm 6.0.0/armtools/bin/../lib/gcc/arm-atollic-eabi/5.3.1/armv7e-m/fpu/crtbegin.o
LOAD mbed\hal\common\AnalogIn.o
LOAD mbed\hal\common\BusIn.o
LOAD mbed\hal\common\BusInOut.o
LOAD mbed\hal\common\BusOut.o
LOAD mbed\hal\common\CAN.o
LOAD mbed\hal\common\CallChain.o
LOAD mbed\hal\common\Ethernet.o
LOAD mbed\hal\common\FileBase.o
LOAD mbed\hal\common\FileLike.o
LOAD mbed\hal\common\FilePath.o
LOAD mbed\hal\common\FileSystemLike.o
LOAD mbed\hal\common\I2C.o
LOAD mbed\hal\common\I2CSlave.o
LOAD mbed\hal\common\InterruptIn.o
LOAD mbed\hal\common\InterruptManager.o
LOAD mbed\hal\common\LocalFileSystem.o
LOAD mbed\hal\common\RawSerial.o
LOAD mbed\hal\common\SPI.o
LOAD mbed\hal\common\SPISlave.o
LOAD mbed\hal\common\Serial.o
LOAD mbed\hal\common\SerialBase.o
LOAD mbed\hal\common\Stream.o
LOAD mbed\hal\common\Ticker.o
LOAD mbed\hal\common\Timeout.o
LOAD mbed\hal\common\Timer.o
LOAD mbed\hal\common\TimerEvent.o
LOAD mbed\hal\common\mbed_alloc_wrappers.o
LOAD mbed\hal\common\mbed_assert.o
LOAD mbed\hal\common\mbed_board.o
LOAD mbed\hal\common\mbed_critical.o
LOAD mbed\hal\common\mbed_error.o
LOAD mbed\hal\common\mbed_gpio.o
LOAD mbed\hal\common\mbed_interface.o
LOAD mbed\hal\common\mbed_lp_ticker_api.o
LOAD mbed\hal\common\mbed_mem_trace.o
LOAD mbed\hal\common\mbed_pinmap_common.o
LOAD mbed\hal\common\mbed_rtc_time.o
LOAD mbed\hal\common\mbed_semihost_api.o
LOAD mbed\hal\common\mbed_ticker_api.o
LOAD mbed\hal\common\mbed_us_ticker_api.o
LOAD mbed\hal\common\mbed_wait_api_no_rtos.o
LOAD mbed\hal\common\mbed_wait_api_rtos.o
LOAD mbed\hal\common\retarget.o
LOAD mbed\hal\targets\cmsis\TARGET_STM\TARGET_STM32F4\TARGET_STM32F407VG\TOOLCHAIN_GCC_ARM\startup_stm32f407xx.o
LOAD mbed\hal\targets\cmsis\TARGET_STM\TARGET_STM32F4\TARGET_STM32F407VG\cmsis_nvic.o
LOAD mbed\hal\targets\cmsis\TARGET_STM\TARGET_STM32F4\TARGET_STM32F407VG\hal_tick.o
LOAD mbed\hal\targets\cmsis\TARGET_STM\TARGET_STM32F4\TARGET_STM32F407VG\system_stm32f4xx.o
LOAD mbed\hal\targets\cmsis\TARGET_STM\TARGET_STM32F4\stm32f4xx_hal.o
LOAD mbed\hal\targets\cmsis\TARGET_STM\TARGET_STM32F4\stm32f4xx_hal_adc.o
LOAD mbed\hal\targets\cmsis\TARGET_STM\TARGET_STM32F4\stm32f4xx_hal_adc_ex.o
LOAD mbed\hal\targets\cmsis\TARGET_STM\TARGET_STM32F4\stm32f4xx_hal_can.o
LOAD mbed\hal\targets\cmsis\TARGET_STM\TARGET_STM32F4\stm32f4xx_hal_cec.o
LOAD mbed\hal\targets\cmsis\TARGET_STM\TARGET_STM32F4\stm32f4xx_hal_cortex.o
LOAD mbed\hal\targets\cmsis\TARGET_STM\TARGET_STM32F4\stm32f4xx_hal_crc.o
LOAD mbed\hal\targets\cmsis\TARGET_STM\TARGET_STM32F4\stm32f4xx_hal_cryp.o
LOAD mbed\hal\targets\cmsis\TARGET_STM\TARGET_STM32F4\stm32f4xx_hal_cryp_ex.o
LOAD mbed\hal\targets\cmsis\TARGET_STM\TARGET_STM32F4\stm32f4xx_hal_dac.o
LOAD mbed\hal\targets\cmsis\TARGET_STM\TARGET_STM32F4\stm32f4xx_hal_dac_ex.o
LOAD mbed\hal\targets\cmsis\TARGET_STM\TARGET_STM32F4\stm32f4xx_hal_dcmi.o
LOAD mbed\hal\targets\cmsis\TARGET_STM\TARGET_STM32F4\stm32f4xx_hal_dcmi_ex.o
LOAD mbed\hal\targets\cmsis\TARGET_STM\TARGET_STM32F4\stm32f4xx_hal_dfsdm.o
LOAD mbed\hal\targets\cmsis\TARGET_STM\TARGET_STM32F4\stm32f4xx_hal_dma.o
LOAD mbed\hal\targets\cmsis\TARGET_STM\TARGET_STM32F4\stm32f4xx_hal_dma2d.o
LOAD mbed\hal\targets\cmsis\TARGET_STM\TARGET_STM32F4\stm32f4xx_hal_dma_ex.o
LOAD mbed\hal\targets\cmsis\TARGET_STM\TARGET_STM32F4\stm32f4xx_hal_dsi.o
LOAD mbed\hal\targets\cmsis\TARGET_STM\TARGET_STM32F4\stm32f4xx_hal_eth.o
LOAD mbed\hal\targets\cmsis\TARGET_STM\TARGET_STM32F4\stm32f4xx_hal_flash.o
LOAD mbed\hal\targets\cmsis\TARGET_STM\TARGET_STM32F4\stm32f4xx_hal_flash_ex.o
LOAD mbed\hal\targets\cmsis\TARGET_STM\TARGET_STM32F4\stm32f4xx_hal_flash_ramfunc.o
LOAD mbed\hal\targets\cmsis\TARGET_STM\TARGET_STM32F4\stm32f4xx_hal_fmpi2c.o
LOAD mbed\hal\targets\cmsis\TARGET_STM\TARGET_STM32F4\stm32f4xx_hal_fmpi2c_ex.o
LOAD mbed\hal\targets\cmsis\TARGET_STM\TARGET_STM32F4\stm32f4xx_hal_gpio.o
LOAD mbed\hal\targets\cmsis\TARGET_STM\TARGET_STM32F4\stm32f4xx_hal_hash.o
LOAD mbed\hal\targets\cmsis\TARGET_STM\TARGET_STM32F4\stm32f4xx_hal_hash_ex.o
LOAD mbed\hal\targets\cmsis\TARGET_STM\TARGET_STM32F4\stm32f4xx_hal_hcd.o
LOAD mbed\hal\targets\cmsis\TARGET_STM\TARGET_STM32F4\stm32f4xx_hal_i2c.o
LOAD mbed\hal\targets\cmsis\TARGET_STM\TARGET_STM32F4\stm32f4xx_hal_i2c_ex.o
LOAD mbed\hal\targets\cmsis\TARGET_STM\TARGET_STM32F4\stm32f4xx_hal_i2s.o
LOAD mbed\hal\targets\cmsis\TARGET_STM\TARGET_STM32F4\stm32f4xx_hal_i2s_ex.o
LOAD mbed\hal\targets\cmsis\TARGET_STM\TARGET_STM32F4\stm32f4xx_hal_irda.o
LOAD mbed\hal\targets\cmsis\TARGET_STM\TARGET_STM32F4\stm32f4xx_hal_iwdg.o
LOAD mbed\hal\targets\cmsis\TARGET_STM\TARGET_STM32F4\stm32f4xx_hal_lptim.o
LOAD mbed\hal\targets\cmsis\TARGET_STM\TARGET_STM32F4\stm32f4xx_hal_ltdc.o
LOAD mbed\hal\targets\cmsis\TARGET_STM\TARGET_STM32F4\stm32f4xx_hal_ltdc_ex.o
LOAD mbed\hal\targets\cmsis\TARGET_STM\TARGET_STM32F4\stm32f4xx_hal_msp_template.o
LOAD mbed\hal\targets\cmsis\TARGET_STM\TARGET_STM32F4\stm32f4xx_hal_nand.o
LOAD mbed\hal\targets\cmsis\TARGET_STM\TARGET_STM32F4\stm32f4xx_hal_nor.o
LOAD mbed\hal\targets\cmsis\TARGET_STM\TARGET_STM32F4\stm32f4xx_hal_pccard.o
LOAD mbed\hal\targets\cmsis\TARGET_STM\TARGET_STM32F4\stm32f4xx_hal_pcd.o
LOAD mbed\hal\targets\cmsis\TARGET_STM\TARGET_STM32F4\stm32f4xx_hal_pcd_ex.o
LOAD mbed\hal\targets\cmsis\TARGET_STM\TARGET_STM32F4\stm32f4xx_hal_pwr.o
LOAD mbed\hal\targets\cmsis\TARGET_STM\TARGET_STM32F4\stm32f4xx_hal_pwr_ex.o
LOAD mbed\hal\targets\cmsis\TARGET_STM\TARGET_STM32F4\stm32f4xx_hal_qspi.o
LOAD mbed\hal\targets\cmsis\TARGET_STM\TARGET_STM32F4\stm32f4xx_hal_rcc.o
LOAD mbed\hal\targets\cmsis\TARGET_STM\TARGET_STM32F4\stm32f4xx_hal_rcc_ex.o
LOAD mbed\hal\targets\cmsis\TARGET_STM\TARGET_STM32F4\stm32f4xx_hal_rng.o
LOAD mbed\hal\targets\cmsis\TARGET_STM\TARGET_STM32F4\stm32f4xx_hal_rtc.o
LOAD mbed\hal\targets\cmsis\TARGET_STM\TARGET_STM32F4\stm32f4xx_hal_rtc_ex.o
LOAD mbed\hal\targets\cmsis\TARGET_STM\TARGET_STM32F4\stm32f4xx_hal_sai.o
LOAD mbed\hal\targets\cmsis\TARGET_STM\TARGET_STM32F4\stm32f4xx_hal_sai_ex.o
LOAD mbed\hal\targets\cmsis\TARGET_STM\TARGET_STM32F4\stm32f4xx_hal_sd.o
LOAD mbed\hal\targets\cmsis\TARGET_STM\TARGET_STM32F4\stm32f4xx_hal_sdram.o
LOAD mbed\hal\targets\cmsis\TARGET_STM\TARGET_STM32F4\stm32f4xx_hal_smartcard.o
LOAD mbed\hal\targets\cmsis\TARGET_STM\TARGET_STM32F4\stm32f4xx_hal_spdifrx.o
LOAD mbed\hal\targets\cmsis\TARGET_STM\TARGET_STM32F4\stm32f4xx_hal_spi.o
LOAD mbed\hal\targets\cmsis\TARGET_STM\TARGET_STM32F4\stm32f4xx_hal_sram.o
LOAD mbed\hal\targets\cmsis\TARGET_STM\TARGET_STM32F4\stm32f4xx_hal_tim.o
LOAD mbed\hal\targets\cmsis\TARGET_STM\TARGET_STM32F4\stm32f4xx_hal_tim_ex.o
LOAD mbed\hal\targets\cmsis\TARGET_STM\TARGET_STM32F4\stm32f4xx_hal_uart.o
LOAD mbed\hal\targets\cmsis\TARGET_STM\TARGET_STM32F4\stm32f4xx_hal_usart.o
LOAD mbed\hal\targets\cmsis\TARGET_STM\TARGET_STM32F4\stm32f4xx_hal_wwdg.o
LOAD mbed\hal\targets\cmsis\TARGET_STM\TARGET_STM32F4\stm32f4xx_ll_fmc.o
LOAD mbed\hal\targets\cmsis\TARGET_STM\TARGET_STM32F4\stm32f4xx_ll_fsmc.o
LOAD mbed\hal\targets\cmsis\TARGET_STM\TARGET_STM32F4\stm32f4xx_ll_sdmmc.o
LOAD mbed\hal\targets\cmsis\TARGET_STM\TARGET_STM32F4\stm32f4xx_ll_usb.o
LOAD mbed\hal\targets\hal\TARGET_STM\TARGET_STM32F4\TARGET_DISCO_F407VG\PeripheralPins.o
LOAD mbed\hal\targets\hal\TARGET_STM\TARGET_STM32F4\analogin_api.o
LOAD mbed\hal\targets\hal\TARGET_STM\TARGET_STM32F4\analogout_api.o
LOAD mbed\hal\targets\hal\TARGET_STM\TARGET_STM32F4\can_api.o
LOAD mbed\hal\targets\hal\TARGET_STM\TARGET_STM32F4\entropy_hardware_poll.o
LOAD mbed\hal\targets\hal\TARGET_STM\TARGET_STM32F4\gpio_api.o
LOAD mbed\hal\targets\hal\TARGET_STM\TARGET_STM32F4\gpio_irq_api.o
LOAD mbed\hal\targets\hal\TARGET_STM\TARGET_STM32F4\i2c_api.o
LOAD mbed\hal\targets\hal\TARGET_STM\TARGET_STM32F4\mbed_overrides.o
LOAD mbed\hal\targets\hal\TARGET_STM\TARGET_STM32F4\pinmap.o
LOAD mbed\hal\targets\hal\TARGET_STM\TARGET_STM32F4\port_api.o
LOAD mbed\hal\targets\hal\TARGET_STM\TARGET_STM32F4\pwmout_api.o
LOAD mbed\hal\targets\hal\TARGET_STM\TARGET_STM32F4\rtc_api.o
LOAD mbed\hal\targets\hal\TARGET_STM\TARGET_STM32F4\serial_api.o
LOAD mbed\hal\targets\hal\TARGET_STM\TARGET_STM32F4\sleep.o
LOAD mbed\hal\targets\hal\TARGET_STM\TARGET_STM32F4\spi_api.o
LOAD mbed\hal\targets\hal\TARGET_STM\TARGET_STM32F4\us_ticker.o
LOAD src\main.o
LOAD src\tiny_printf.o
START GROUP
LOAD c:/program files (x86)/atollic/truestudio for arm 6.0.0/armtools/bin/../lib/gcc/arm-atollic-eabi/5.3.1/../../../../arm-atollic-eabi/lib/armv7e-m/fpu\libstdc++_nano.a
LOAD c:/program files (x86)/atollic/truestudio for arm 6.0.0/armtools/bin/../lib/gcc/arm-atollic-eabi/5.3.1/../../../../arm-atollic-eabi/lib/armv7e-m/fpu\libsupc++_nano.a
END GROUP
                0x00001000                malloc_getpagesize_P = 0x1000
LOAD c:/program files (x86)/atollic/truestudio for arm 6.0.0/armtools/bin/../lib/gcc/arm-atollic-eabi/5.3.1/../../../../arm-atollic-eabi/lib/armv7e-m/fpu\libstdc++_nano.a
LOAD c:/program files (x86)/atollic/truestudio for arm 6.0.0/armtools/bin/../lib/gcc/arm-atollic-eabi/5.3.1/../../../../arm-atollic-eabi/lib/armv7e-m/fpu\libm.a
LOAD c:/program files (x86)/atollic/truestudio for arm 6.0.0/armtools/bin/../lib/gcc/arm-atollic-eabi/5.3.1/../../../../arm-atollic-eabi/lib/armv7e-m/fpu\libc_nano.a
START GROUP
LOAD c:/program files (x86)/atollic/truestudio for arm 6.0.0/armtools/bin/../lib/gcc/arm-atollic-eabi/5.3.1/armv7e-m/fpu\libgcc.a
LOAD c:/program files (x86)/atollic/truestudio for arm 6.0.0/armtools/bin/../lib/gcc/arm-atollic-eabi/5.3.1/../../../../arm-atollic-eabi/lib/armv7e-m/fpu\libc_nano.a
END GROUP
START GROUP
LOAD c:/program files (x86)/atollic/truestudio for arm 6.0.0/armtools/bin/../lib/gcc/arm-atollic-eabi/5.3.1/armv7e-m/fpu\libgcc.a
LOAD c:/program files (x86)/atollic/truestudio for arm 6.0.0/armtools/bin/../lib/gcc/arm-atollic-eabi/5.3.1/../../../../arm-atollic-eabi/lib/armv7e-m/fpu\libc_nano.a
LOAD c:/program files (x86)/atollic/truestudio for arm 6.0.0/armtools/bin/../lib/gcc/arm-atollic-eabi/5.3.1/../../../../arm-atollic-eabi/lib/armv7e-m/fpu\libnosys.a
END GROUP
START GROUP
LOAD c:/program files (x86)/atollic/truestudio for arm 6.0.0/armtools/bin/../lib/gcc/arm-atollic-eabi/5.3.1/armv7e-m/fpu\libgcc.a
LOAD c:/program files (x86)/atollic/truestudio for arm 6.0.0/armtools/bin/../lib/gcc/arm-atollic-eabi/5.3.1/../../../../arm-atollic-eabi/lib/armv7e-m/fpu\libc_nano.a
LOAD c:/program files (x86)/atollic/truestudio for arm 6.0.0/armtools/bin/../lib/gcc/arm-atollic-eabi/5.3.1/../../../../arm-atollic-eabi/lib/armv7e-m/fpu\libnosys.a
END GROUP
LOAD c:/program files (x86)/atollic/truestudio for arm 6.0.0/armtools/bin/../lib/gcc/arm-atollic-eabi/5.3.1/armv7e-m/fpu/crtend.o
LOAD c:/program files (x86)/atollic/truestudio for arm 6.0.0/armtools/bin/../lib/gcc/arm-atollic-eabi/5.3.1/armv7e-m/fpu/crtn.o
                0x20020000                _estack = 0x20020000
                0x00000000                _Min_Heap_Size = 0x0
                0x00000400                _Min_Stack_Size = 0x400

.isr_vector     0x08000000      0x188
                0x08000000                . = ALIGN (0x4)
 *(.isr_vector)
 .isr_vector    0x08000000      0x188 mbed\hal\targets\cmsis\TARGET_STM\TARGET_STM32F4\TARGET_STM32F407VG\TOOLCHAIN_GCC_ARM\startup_stm32f407xx.o
                0x08000000                g_pfnVectors
                0x08000188                . = ALIGN (0x4)

.text           0x08000190     0x35d4
                0x08000190                . = ALIGN (0x4)
 *(.text)
 .text          0x08000190       0x40 c:/program files (x86)/atollic/truestudio for arm 6.0.0/armtools/bin/../lib/gcc/arm-atollic-eabi/5.3.1/armv7e-m/fpu/crtbegin.o
 .text          0x080001d0       0xa0 c:/program files (x86)/atollic/truestudio for arm 6.0.0/armtools/bin/../lib/gcc/arm-atollic-eabi/5.3.1/../../../../arm-atollic-eabi/lib/armv7e-m/fpu\libc_nano.a(lib_a-memchr.o)
                0x080001d0                memchr
 *(.text*)
 .text.gpio_read
                0x08000270       0x44 mbed\hal\common\BusIn.o
 .text._ZN4mbed9DigitalInC2E7PinName
                0x080002b4       0x34 mbed\hal\common\BusIn.o
                0x080002b4                mbed::DigitalIn::DigitalIn(PinName)
                0x080002b4                mbed::DigitalIn::DigitalIn(PinName)
 .text._ZN4mbed9DigitalIn4readEv
                0x080002e8       0x1c mbed\hal\common\BusIn.o
                0x080002e8                mbed::DigitalIn::read()
 .text.gpio_write
                0x08000304       0x50 mbed\hal\common\BusOut.o
 .text.gpio_read
                0x08000354       0x44 mbed\hal\common\BusOut.o
 .text._ZN4mbed10DigitalOutC2E7PinName
                0x08000398       0x34 mbed\hal\common\BusOut.o
                0x08000398                mbed::DigitalOut::DigitalOut(PinName)
                0x08000398                mbed::DigitalOut::DigitalOut(PinName)
 .text._ZN4mbed10DigitalOut5writeEi
                0x080003cc       0x1c mbed\hal\common\BusOut.o
                0x080003cc                mbed::DigitalOut::write(int)
 .text._ZN4mbed10DigitalOut4readEv
                0x080003e8       0x1c mbed\hal\common\BusOut.o
                0x080003e8                mbed::DigitalOut::read()
 .text.mbed_assert_internal
                0x08000404       0x2c mbed\hal\common\mbed_assert.o
                0x08000404                mbed_assert_internal
 .text.gpio_write
                0x08000430       0x50 mbed\hal\common\mbed_board.o
 .text.mbed_die
                0x08000480       0x38 mbed\hal\common\mbed_board.o
                0x08000480                mbed_die
 .text.mbed_error_printf
                0x080004b8       0x24 mbed\hal\common\mbed_board.o
                0x080004b8                mbed_error_printf
 .text.mbed_error_vfprintf
                0x080004dc       0x80 mbed\hal\common\mbed_board.o
                0x080004dc                mbed_error_vfprintf
 .text.core_util_are_interrupts_enabled
                0x0800055c       0x28 mbed\hal\common\mbed_critical.o
                0x0800055c                core_util_are_interrupts_enabled
 .text.core_util_critical_section_enter
                0x08000584       0x6c mbed\hal\common\mbed_critical.o
                0x08000584                core_util_critical_section_enter
 .text.core_util_critical_section_exit
                0x080005f0       0x44 mbed\hal\common\mbed_critical.o
                0x080005f0                core_util_critical_section_exit
 .text.error    0x08000634       0x1c mbed\hal\common\mbed_error.o
                0x08000634                error
 .text.gpio_write
                0x08000650       0x50 mbed\hal\common\mbed_gpio.o
 .text._gpio_init_in
                0x080006a0       0x40 mbed\hal\common\mbed_gpio.o
 .text._gpio_init_out
                0x080006e0       0x4c mbed\hal\common\mbed_gpio.o
 .text.gpio_init_in
                0x0800072c       0x24 mbed\hal\common\mbed_gpio.o
                0x0800072c                gpio_init_in
 .text.gpio_init_in_ex
                0x08000750       0x28 mbed\hal\common\mbed_gpio.o
                0x08000750                gpio_init_in_ex
 .text.gpio_init_out
                0x08000778       0x24 mbed\hal\common\mbed_gpio.o
                0x08000778                gpio_init_out
 .text.gpio_init_out_ex
                0x0800079c       0x24 mbed\hal\common\mbed_gpio.o
                0x0800079c                gpio_init_out_ex
 .text.pinmap_pinout
                0x080007c0       0x6c mbed\hal\common\mbed_pinmap_common.o
                0x080007c0                pinmap_pinout
 .text.pinmap_merge
                0x0800082c       0x44 mbed\hal\common\mbed_pinmap_common.o
                0x0800082c                pinmap_merge
 .text.pinmap_find_peripheral
                0x08000870       0x44 mbed\hal\common\mbed_pinmap_common.o
                0x08000870                pinmap_find_peripheral
 .text.pinmap_peripheral
                0x080008b4       0x4c mbed\hal\common\mbed_pinmap_common.o
                0x080008b4                pinmap_peripheral
 .text.ticker_irq_handler
                0x08000900       0x84 mbed\hal\common\mbed_ticker_api.o
                0x08000900                ticker_irq_handler
 .text.us_ticker_irq_handler
                0x08000984       0x14 mbed\hal\common\mbed_us_ticker_api.o
                0x08000984                us_ticker_irq_handler
 .text.wait_ms  0x08000998       0x20 mbed\hal\common\mbed_wait_api_no_rtos.o
                0x08000998                wait_ms
 .text.wait_us  0x080009b8       0x28 mbed\hal\common\mbed_wait_api_no_rtos.o
                0x080009b8                wait_us
 .text.exit     0x080009e0       0x14 mbed\hal\common\retarget.o
                0x080009e0                exit
 .text.__rtos_malloc_lock
                0x080009f4       0x14 mbed\hal\common\retarget.o
                0x080009f4                __rtos_malloc_lock
 .text.__rtos_malloc_unlock
                0x08000a08       0x14 mbed\hal\common\retarget.o
                0x08000a08                __rtos_malloc_unlock
 .text.__malloc_lock
                0x08000a1c       0x18 mbed\hal\common\retarget.o
                0x08000a1c                __malloc_lock
 .text.__malloc_unlock
                0x08000a34       0x18 mbed\hal\common\retarget.o
                0x08000a34                __malloc_unlock
 .text.Reset_Handler
                0x08000a4c       0x50 mbed\hal\targets\cmsis\TARGET_STM\TARGET_STM32F4\TARGET_STM32F407VG\TOOLCHAIN_GCC_ARM\startup_stm32f407xx.o
                0x08000a4c                Reset_Handler
 .text.Default_Handler
                0x08000a9c        0x2 mbed\hal\targets\cmsis\TARGET_STM\TARGET_STM32F4\TARGET_STM32F407VG\TOOLCHAIN_GCC_ARM\startup_stm32f407xx.o
                0x08000a9c                RTC_Alarm_IRQHandler
                0x08000a9c                HASH_RNG_IRQHandler
                0x08000a9c                EXTI2_IRQHandler
                0x08000a9c                TIM8_CC_IRQHandler
                0x08000a9c                DebugMon_Handler
                0x08000a9c                TIM1_CC_IRQHandler
                0x08000a9c                DMA2_Stream5_IRQHandler
                0x08000a9c                HardFault_Handler
                0x08000a9c                DMA1_Stream5_IRQHandler
                0x08000a9c                SysTick_Handler
                0x08000a9c                PVD_IRQHandler
                0x08000a9c                SDIO_IRQHandler
                0x08000a9c                TAMP_STAMP_IRQHandler
                0x08000a9c                PendSV_Handler
                0x08000a9c                NMI_Handler
                0x08000a9c                CAN2_RX1_IRQHandler
                0x08000a9c                EXTI3_IRQHandler
                0x08000a9c                TIM8_TRG_COM_TIM14_IRQHandler
                0x08000a9c                TIM1_UP_TIM10_IRQHandler
                0x08000a9c                TIM8_UP_TIM13_IRQHandler
                0x08000a9c                I2C3_ER_IRQHandler
                0x08000a9c                EXTI0_IRQHandler
                0x08000a9c                I2C2_EV_IRQHandler
                0x08000a9c                DMA1_Stream2_IRQHandler
                0x08000a9c                CAN1_RX0_IRQHandler
                0x08000a9c                FPU_IRQHandler
                0x08000a9c                OTG_HS_WKUP_IRQHandler
                0x08000a9c                UsageFault_Handler
                0x08000a9c                CAN2_SCE_IRQHandler
                0x08000a9c                DMA2_Stream2_IRQHandler
                0x08000a9c                SPI1_IRQHandler
                0x08000a9c                TIM6_DAC_IRQHandler
                0x08000a9c                TIM1_BRK_TIM9_IRQHandler
                0x08000a9c                DCMI_IRQHandler
                0x08000a9c                CAN2_RX0_IRQHandler
                0x08000a9c                DMA2_Stream3_IRQHandler
                0x08000a9c                USART6_IRQHandler
                0x08000a9c                USART3_IRQHandler
                0x08000a9c                CAN1_RX1_IRQHandler
                0x08000a9c                UART5_IRQHandler
                0x08000a9c                DMA2_Stream0_IRQHandler
                0x08000a9c                TIM4_IRQHandler
                0x08000a9c                I2C1_EV_IRQHandler
                0x08000a9c                DMA1_Stream6_IRQHandler
                0x08000a9c                DMA1_Stream1_IRQHandler
                0x08000a9c                UART4_IRQHandler
                0x08000a9c                TIM3_IRQHandler
                0x08000a9c                RCC_IRQHandler
                0x08000a9c                TIM8_BRK_TIM12_IRQHandler
                0x08000a9c                Default_Handler
                0x08000a9c                EXTI15_10_IRQHandler
                0x08000a9c                ADC_IRQHandler
                0x08000a9c                DMA1_Stream7_IRQHandler
                0x08000a9c                TIM7_IRQHandler
                0x08000a9c                CAN2_TX_IRQHandler
                0x08000a9c                TIM5_IRQHandler
                0x08000a9c                DMA2_Stream7_IRQHandler
                0x08000a9c                I2C3_EV_IRQHandler
                0x08000a9c                EXTI9_5_IRQHandler
                0x08000a9c                RTC_WKUP_IRQHandler
                0x08000a9c                ETH_WKUP_IRQHandler
                0x08000a9c                SPI2_IRQHandler
                0x08000a9c                OTG_HS_EP1_IN_IRQHandler
                0x08000a9c                MemManage_Handler
                0x08000a9c                DMA1_Stream0_IRQHandler
                0x08000a9c                CAN1_TX_IRQHandler
                0x08000a9c                SVC_Handler
                0x08000a9c                EXTI4_IRQHandler
                0x08000a9c                FSMC_IRQHandler
                0x08000a9c                ETH_IRQHandler
                0x08000a9c                OTG_HS_EP1_OUT_IRQHandler
                0x08000a9c                WWDG_IRQHandler
                0x08000a9c                TIM2_IRQHandler
                0x08000a9c                OTG_FS_WKUP_IRQHandler
                0x08000a9c                TIM1_TRG_COM_TIM11_IRQHandler
                0x08000a9c                OTG_HS_IRQHandler
                0x08000a9c                EXTI1_IRQHandler
                0x08000a9c                USART2_IRQHandler
                0x08000a9c                I2C2_ER_IRQHandler
                0x08000a9c                DMA2_Stream1_IRQHandler
                0x08000a9c                CAN1_SCE_IRQHandler
                0x08000a9c                FLASH_IRQHandler
                0x08000a9c                DMA2_Stream4_IRQHandler
                0x08000a9c                BusFault_Handler
                0x08000a9c                USART1_IRQHandler
                0x08000a9c                OTG_FS_IRQHandler
                0x08000a9c                SPI3_IRQHandler
                0x08000a9c                DMA1_Stream4_IRQHandler
                0x08000a9c                I2C1_ER_IRQHandler
                0x08000a9c                DMA2_Stream6_IRQHandler
                0x08000a9c                DMA1_Stream3_IRQHandler
 *fill*         0x08000a9e        0x2 
 .text.__NVIC_SetVector
                0x08000aa0       0x74 mbed\hal\targets\cmsis\TARGET_STM\TARGET_STM32F4\TARGET_STM32F407VG\cmsis_nvic.o
                0x08000aa0                __NVIC_SetVector
 .text.__NVIC_EnableIRQ
                0x08000b14       0x34 mbed\hal\targets\cmsis\TARGET_STM\TARGET_STM32F4\TARGET_STM32F407VG\hal_tick.o
 .text.timer_irq_handler
                0x08000b48       0x98 mbed\hal\targets\cmsis\TARGET_STM\TARGET_STM32F4\TARGET_STM32F407VG\hal_tick.o
                0x08000b48                timer_irq_handler
 .text.HAL_InitTick
                0x08000be0      0x108 mbed\hal\targets\cmsis\TARGET_STM\TARGET_STM32F4\TARGET_STM32F407VG\hal_tick.o
                0x08000be0                HAL_InitTick
 .text.SystemInit
                0x08000ce8       0x98 mbed\hal\targets\cmsis\TARGET_STM\TARGET_STM32F4\TARGET_STM32F407VG\system_stm32f4xx.o
                0x08000ce8                SystemInit
 .text.SystemCoreClockUpdate
                0x08000d80       0xf8 mbed\hal\targets\cmsis\TARGET_STM\TARGET_STM32F4\TARGET_STM32F407VG\system_stm32f4xx.o
                0x08000d80                SystemCoreClockUpdate
 .text.SetSysClock
                0x08000e78       0x2c mbed\hal\targets\cmsis\TARGET_STM\TARGET_STM32F4\TARGET_STM32F407VG\system_stm32f4xx.o
                0x08000e78                SetSysClock
 .text.SetSysClock_PLL_HSE
                0x08000ea4       0xcc mbed\hal\targets\cmsis\TARGET_STM\TARGET_STM32F4\TARGET_STM32F407VG\system_stm32f4xx.o
                0x08000ea4                SetSysClock_PLL_HSE
 .text.SetSysClock_PLL_HSI
                0x08000f70       0xbc mbed\hal\targets\cmsis\TARGET_STM\TARGET_STM32F4\TARGET_STM32F407VG\system_stm32f4xx.o
                0x08000f70                SetSysClock_PLL_HSI
 .text.HAL_Init
                0x0800102c       0x44 mbed\hal\targets\cmsis\TARGET_STM\TARGET_STM32F4\stm32f4xx_hal.o
                0x0800102c                HAL_Init
 .text.HAL_IncTick
                0x08001070       0x1c mbed\hal\targets\cmsis\TARGET_STM\TARGET_STM32F4\stm32f4xx_hal.o
                0x08001070                HAL_IncTick
 .text.HAL_GetTick
                0x0800108c       0x18 mbed\hal\targets\cmsis\TARGET_STM\TARGET_STM32F4\stm32f4xx_hal.o
                0x0800108c                HAL_GetTick
 .text.__NVIC_SetPriorityGrouping
                0x080010a4       0x48 mbed\hal\targets\cmsis\TARGET_STM\TARGET_STM32F4\stm32f4xx_hal_cortex.o
 .text.HAL_NVIC_SetPriorityGrouping
                0x080010ec       0x18 mbed\hal\targets\cmsis\TARGET_STM\TARGET_STM32F4\stm32f4xx_hal_cortex.o
                0x080010ec                HAL_NVIC_SetPriorityGrouping
 .text.HAL_GPIO_Init
                0x08001104      0x344 mbed\hal\targets\cmsis\TARGET_STM\TARGET_STM32F4\stm32f4xx_hal_gpio.o
                0x08001104                HAL_GPIO_Init
 .text.HAL_MspInit
                0x08001448       0x10 mbed\hal\targets\cmsis\TARGET_STM\TARGET_STM32F4\stm32f4xx_hal_msp_template.o
                0x08001448                HAL_MspInit
 .text.HAL_RCC_OscConfig
                0x08001458      0x424 mbed\hal\targets\cmsis\TARGET_STM\TARGET_STM32F4\stm32f4xx_hal_rcc.o
                0x08001458                HAL_RCC_OscConfig
 .text.HAL_RCC_ClockConfig
                0x0800187c      0x224 mbed\hal\targets\cmsis\TARGET_STM\TARGET_STM32F4\stm32f4xx_hal_rcc.o
                0x0800187c                HAL_RCC_ClockConfig
 .text.HAL_RCC_GetSysClockFreq
                0x08001aa0       0xfc mbed\hal\targets\cmsis\TARGET_STM\TARGET_STM32F4\stm32f4xx_hal_rcc.o
                0x08001aa0                HAL_RCC_GetSysClockFreq
 .text.HAL_RCC_GetHCLKFreq
                0x08001b9c       0x18 mbed\hal\targets\cmsis\TARGET_STM\TARGET_STM32F4\stm32f4xx_hal_rcc.o
                0x08001b9c                HAL_RCC_GetHCLKFreq
 .text.HAL_RCC_GetPCLK1Freq
                0x08001bb4       0x44 mbed\hal\targets\cmsis\TARGET_STM\TARGET_STM32F4\stm32f4xx_hal_rcc.o
                0x08001bb4                HAL_RCC_GetPCLK1Freq
 .text.HAL_RCC_GetPCLK2Freq
                0x08001bf8       0x44 mbed\hal\targets\cmsis\TARGET_STM\TARGET_STM32F4\stm32f4xx_hal_rcc.o
                0x08001bf8                HAL_RCC_GetPCLK2Freq
 .text.HAL_TIM_OC_Init
                0x08001c3c       0x58 mbed\hal\targets\cmsis\TARGET_STM\TARGET_STM32F4\stm32f4xx_hal_tim.o
                0x08001c3c                HAL_TIM_OC_Init
 .text.HAL_TIM_OC_MspInit
                0x08001c94       0x14 mbed\hal\targets\cmsis\TARGET_STM\TARGET_STM32F4\stm32f4xx_hal_tim.o
                0x08001c94                HAL_TIM_OC_MspInit
 .text.HAL_TIM_OC_Start
                0x08001ca8       0x68 mbed\hal\targets\cmsis\TARGET_STM\TARGET_STM32F4\stm32f4xx_hal_tim.o
                0x08001ca8                HAL_TIM_OC_Start
 .text.TIM_Base_SetConfig
                0x08001d10      0x154 mbed\hal\targets\cmsis\TARGET_STM\TARGET_STM32F4\stm32f4xx_hal_tim.o
                0x08001d10                TIM_Base_SetConfig
 .text.TIM_CCxChannelCmd
                0x08001e64       0x48 mbed\hal\targets\cmsis\TARGET_STM\TARGET_STM32F4\stm32f4xx_hal_tim.o
                0x08001e64                TIM_CCxChannelCmd
 .text.HAL_UART_Init
                0x08001eac       0x9c mbed\hal\targets\cmsis\TARGET_STM\TARGET_STM32F4\stm32f4xx_hal_uart.o
                0x08001eac                HAL_UART_Init
 .text.HAL_UART_MspInit
                0x08001f48       0x14 mbed\hal\targets\cmsis\TARGET_STM\TARGET_STM32F4\stm32f4xx_hal_uart.o
                0x08001f48                HAL_UART_MspInit
 .text.UART_SetConfig
                0x08001f5c      0x438 mbed\hal\targets\cmsis\TARGET_STM\TARGET_STM32F4\stm32f4xx_hal_uart.o
 .text.gpio_set
                0x08002394       0x48 mbed\hal\targets\hal\TARGET_STM\TARGET_STM32F4\gpio_api.o
                0x08002394                gpio_set
 .text.gpio_init
                0x080023dc       0x64 mbed\hal\targets\hal\TARGET_STM\TARGET_STM32F4\gpio_api.o
                0x080023dc                gpio_init
 .text.gpio_mode
                0x08002440       0x24 mbed\hal\targets\hal\TARGET_STM\TARGET_STM32F4\gpio_api.o
                0x08002440                gpio_mode
 .text.gpio_dir
                0x08002464       0x58 mbed\hal\targets\hal\TARGET_STM\TARGET_STM32F4\gpio_api.o
                0x08002464                gpio_dir
 .text.Set_GPIO_Clock
                0x080024bc      0x1b0 mbed\hal\targets\hal\TARGET_STM\TARGET_STM32F4\pinmap.o
                0x080024bc                Set_GPIO_Clock
 .text.pin_function
                0x0800266c       0x9c mbed\hal\targets\hal\TARGET_STM\TARGET_STM32F4\pinmap.o
                0x0800266c                pin_function
 .text.pin_mode
                0x08002708       0x8c mbed\hal\targets\hal\TARGET_STM\TARGET_STM32F4\pinmap.o
                0x08002708                pin_mode
 .text.init_uart
                0x08002794       0xbc mbed\hal\targets\hal\TARGET_STM\TARGET_STM32F4\serial_api.o
 .text.serial_init
                0x08002850      0x2b4 mbed\hal\targets\hal\TARGET_STM\TARGET_STM32F4\serial_api.o
                0x08002850                serial_init
 .text.serial_putc
                0x08002b04       0x40 mbed\hal\targets\hal\TARGET_STM\TARGET_STM32F4\serial_api.o
                0x08002b04                serial_putc
 .text.serial_writable
                0x08002b44       0x3c mbed\hal\targets\hal\TARGET_STM\TARGET_STM32F4\serial_api.o
                0x08002b44                serial_writable
 .text.us_ticker_init
                0x08002b80       0x30 mbed\hal\targets\hal\TARGET_STM\TARGET_STM32F4\us_ticker.o
                0x08002b80                us_ticker_init
 .text.us_ticker_read
                0x08002bb0       0x20 mbed\hal\targets\hal\TARGET_STM\TARGET_STM32F4\us_ticker.o
                0x08002bb0                us_ticker_read
 .text.us_ticker_set_interrupt
                0x08002bd0       0x30 mbed\hal\targets\hal\TARGET_STM\TARGET_STM32F4\us_ticker.o
                0x08002bd0                us_ticker_set_interrupt
 .text.us_ticker_disable_interrupt
                0x08002c00       0x24 mbed\hal\targets\hal\TARGET_STM\TARGET_STM32F4\us_ticker.o
                0x08002c00                us_ticker_disable_interrupt
 .text.us_ticker_clear_interrupt
                0x08002c24       0x1c mbed\hal\targets\hal\TARGET_STM\TARGET_STM32F4\us_ticker.o
                0x08002c24                us_ticker_clear_interrupt
 .text._ZN4mbed9DigitalIncviEv
                0x08002c40       0x18 src\main.o
                0x08002c40                mbed::DigitalIn::operator int()
 .text._ZN4mbed10DigitalOutaSEi
                0x08002c58       0x1c src\main.o
                0x08002c58                mbed::DigitalOut::operator=(int)
 .text._ZN4mbed10DigitalOutcviEv
                0x08002c74       0x18 src\main.o
                0x08002c74                mbed::DigitalOut::operator int()
 .text.main     0x08002c8c      0x1ac src\main.o
                0x08002c8c                main
 .text._Z41__static_initialization_and_destruction_0ii
                0x08002e38       0x60 src\main.o
 .text._GLOBAL__sub_I_led3
                0x08002e98       0x10 src\main.o
 .text.__libc_init_array
                0x08002ea8       0x4c c:/program files (x86)/atollic/truestudio for arm 6.0.0/armtools/bin/../lib/gcc/arm-atollic-eabi/5.3.1/../../../../arm-atollic-eabi/lib/armv7e-m/fpu\libc_nano.a(lib_a-init.o)
                0x08002ea8                __libc_init_array
 .text.memcpy   0x08002ef4       0x16 c:/program files (x86)/atollic/truestudio for arm 6.0.0/armtools/bin/../lib/gcc/arm-atollic-eabi/5.3.1/../../../../arm-atollic-eabi/lib/armv7e-m/fpu\libc_nano.a(lib_a-memcpy-stub.o)
                0x08002ef4                memcpy
 *fill*         0x08002f0a        0x2 
 .text._free_r  0x08002f0c       0x9c c:/program files (x86)/atollic/truestudio for arm 6.0.0/armtools/bin/../lib/gcc/arm-atollic-eabi/5.3.1/../../../../arm-atollic-eabi/lib/armv7e-m/fpu\libc_nano.a(lib_a-nano-freer.o)
                0x08002f0c                _free_r
 .text._malloc_r
                0x08002fa8       0xbc c:/program files (x86)/atollic/truestudio for arm 6.0.0/armtools/bin/../lib/gcc/arm-atollic-eabi/5.3.1/../../../../arm-atollic-eabi/lib/armv7e-m/fpu\libc_nano.a(lib_a-nano-mallocr.o)
                0x08002fa8                _malloc_r
 .text._printf_common
                0x08003064       0xec c:/program files (x86)/atollic/truestudio for arm 6.0.0/armtools/bin/../lib/gcc/arm-atollic-eabi/5.3.1/../../../../arm-atollic-eabi/lib/armv7e-m/fpu\libc_nano.a(lib_a-nano-vfprintf_i.o)
                0x08003064                _printf_common
 .text._printf_i
                0x08003150      0x24c c:/program files (x86)/atollic/truestudio for arm 6.0.0/armtools/bin/../lib/gcc/arm-atollic-eabi/5.3.1/../../../../arm-atollic-eabi/lib/armv7e-m/fpu\libc_nano.a(lib_a-nano-vfprintf_i.o)
                0x08003150                _printf_i
 .text._sbrk_r  0x0800339c       0x20 c:/program files (x86)/atollic/truestudio for arm 6.0.0/armtools/bin/../lib/gcc/arm-atollic-eabi/5.3.1/../../../../arm-atollic-eabi/lib/armv7e-m/fpu\libc_nano.a(lib_a-sbrkr.o)
                0x0800339c                _sbrk_r
 .text._vsprintf_r
                0x080033bc       0x30 c:/program files (x86)/atollic/truestudio for arm 6.0.0/armtools/bin/../lib/gcc/arm-atollic-eabi/5.3.1/../../../../arm-atollic-eabi/lib/armv7e-m/fpu\libc_nano.a(lib_a-vsprintf.o)
                0x080033bc                _vsprintf_r
                0x080033bc                _vsiprintf_r
 .text.vsprintf
                0x080033ec       0x14 c:/program files (x86)/atollic/truestudio for arm 6.0.0/armtools/bin/../lib/gcc/arm-atollic-eabi/5.3.1/../../../../arm-atollic-eabi/lib/armv7e-m/fpu\libc_nano.a(lib_a-vsprintf.o)
                0x080033ec                vsiprintf
                0x080033ec                vsprintf
 .text.memmove  0x08003400       0x36 c:/program files (x86)/atollic/truestudio for arm 6.0.0/armtools/bin/../lib/gcc/arm-atollic-eabi/5.3.1/../../../../arm-atollic-eabi/lib/armv7e-m/fpu\libc_nano.a(lib_a-memmove.o)
                0x08003400                memmove
 .text._realloc_r
                0x08003436       0x4c c:/program files (x86)/atollic/truestudio for arm 6.0.0/armtools/bin/../lib/gcc/arm-atollic-eabi/5.3.1/../../../../arm-atollic-eabi/lib/armv7e-m/fpu\libc_nano.a(lib_a-nano-reallocr.o)
                0x08003436                _realloc_r
 .text.__ssputs_r
                0x08003482       0xb2 c:/program files (x86)/atollic/truestudio for arm 6.0.0/armtools/bin/../lib/gcc/arm-atollic-eabi/5.3.1/../../../../arm-atollic-eabi/lib/armv7e-m/fpu\libc_nano.a(lib_a-nano-svfprintf.o)
                0x08003482                __ssputs_r
 .text._svfprintf_r
                0x08003534      0x1e8 c:/program files (x86)/atollic/truestudio for arm 6.0.0/armtools/bin/../lib/gcc/arm-atollic-eabi/5.3.1/../../../../arm-atollic-eabi/lib/armv7e-m/fpu\libc_nano.a(lib_a-nano-svfprintf.o)
                0x08003534                _svfiprintf_r
                0x08003534                _svfprintf_r
 .text._malloc_usable_size_r
                0x0800371c       0x14 c:/program files (x86)/atollic/truestudio for arm 6.0.0/armtools/bin/../lib/gcc/arm-atollic-eabi/5.3.1/../../../../arm-atollic-eabi/lib/armv7e-m/fpu\libc_nano.a(lib_a-nano-msizer.o)
                0x0800371c                _malloc_usable_size_r
 .text._sbrk    0x08003730       0x1c c:/program files (x86)/atollic/truestudio for arm 6.0.0/armtools/bin/../lib/gcc/arm-atollic-eabi/5.3.1/../../../../arm-atollic-eabi/lib/armv7e-m/fpu\libnosys.a(sbrk.o)
                0x08003730                _sbrk
 *(.glue_7)
 .glue_7        0x0800374c        0x0 linker stubs
 *(.glue_7t)
 .glue_7t       0x0800374c        0x0 linker stubs
 *(.eh_frame)
 .eh_frame      0x0800374c        0x0 c:/program files (x86)/atollic/truestudio for arm 6.0.0/armtools/bin/../lib/gcc/arm-atollic-eabi/5.3.1/armv7e-m/fpu/crtbegin.o
 *(.init)
 .init          0x0800374c        0x4 c:/program files (x86)/atollic/truestudio for arm 6.0.0/armtools/bin/../lib/gcc/arm-atollic-eabi/5.3.1/armv7e-m/fpu/crti.o
                0x0800374c                _init
 .init          0x08003750        0x8 c:/program files (x86)/atollic/truestudio for arm 6.0.0/armtools/bin/../lib/gcc/arm-atollic-eabi/5.3.1/armv7e-m/fpu/crtn.o
 *(.fini)
 .fini          0x08003758        0x4 c:/program files (x86)/atollic/truestudio for arm 6.0.0/armtools/bin/../lib/gcc/arm-atollic-eabi/5.3.1/armv7e-m/fpu/crti.o
                0x08003758                _fini
 .fini          0x0800375c        0x8 c:/program files (x86)/atollic/truestudio for arm 6.0.0/armtools/bin/../lib/gcc/arm-atollic-eabi/5.3.1/armv7e-m/fpu/crtn.o
                0x08003764                . = ALIGN (0x4)
                0x08003764                _etext = .

.vfp11_veneer   0x08003764        0x0
 .vfp11_veneer  0x08003764        0x0 linker stubs

.v4_bx          0x08003764        0x0
 .v4_bx         0x08003764        0x0 linker stubs

.iplt           0x08003764        0x0
 .iplt          0x08003764        0x0 c:/program files (x86)/atollic/truestudio for arm 6.0.0/armtools/bin/../lib/gcc/arm-atollic-eabi/5.3.1/armv7e-m/fpu/crtbegin.o

.rodata         0x08003764      0x794
                0x08003764                . = ALIGN (0x4)
 *(.rodata)
 .rodata        0x08003764       0xf0 mbed\hal\common\BusIn.o
 .rodata        0x08003854       0xf0 mbed\hal\common\BusOut.o
 .rodata        0x08003944       0x31 mbed\hal\common\mbed_assert.o
 *fill*         0x08003975        0x3 
 .rodata        0x08003978       0xa8 mbed\hal\common\mbed_board.o
 .rodata        0x08003a20       0x4a mbed\hal\common\mbed_critical.o
 *fill*         0x08003a6a        0x2 
 .rodata        0x08003a6c       0xa8 mbed\hal\common\mbed_gpio.o
 .rodata        0x08003b14       0x66 mbed\hal\common\mbed_pinmap_common.o
 *fill*         0x08003b7a        0x2 
 .rodata        0x08003b7c       0x6c mbed\hal\targets\hal\TARGET_STM\TARGET_STM32F4\gpio_api.o
 .rodata        0x08003be8       0x73 mbed\hal\targets\hal\TARGET_STM\TARGET_STM32F4\pinmap.o
 *fill*         0x08003c5b        0x1 
 .rodata        0x08003c5c       0x74 mbed\hal\targets\hal\TARGET_STM\TARGET_STM32F4\serial_api.o
 *(.rodata*)
 .rodata.us_interface
                0x08003cd0       0x14 mbed\hal\common\mbed_us_ticker_api.o
 .rodata.us_data
                0x08003ce4        0x8 mbed\hal\common\mbed_us_ticker_api.o
 .rodata.AHBPrescTable
                0x08003cec       0x10 mbed\hal\targets\cmsis\TARGET_STM\TARGET_STM32F4\TARGET_STM32F407VG\system_stm32f4xx.o
                0x08003cec                AHBPrescTable
 .rodata.APBAHBPrescTable
                0x08003cfc       0x10 mbed\hal\targets\cmsis\TARGET_STM\TARGET_STM32F4\stm32f4xx_hal_rcc.o
                0x08003cfc                APBAHBPrescTable
 .rodata.PinMap_UART_TX
                0x08003d0c       0x90 mbed\hal\targets\hal\TARGET_STM\TARGET_STM32F4\TARGET_DISCO_F407VG\PeripheralPins.o
                0x08003d0c                PinMap_UART_TX
 .rodata.PinMap_UART_RX
                0x08003d9c       0x90 mbed\hal\targets\hal\TARGET_STM\TARGET_STM32F4\TARGET_DISCO_F407VG\PeripheralPins.o
                0x08003d9c                PinMap_UART_RX
 .rodata.gpio_mode
                0x08003e2c       0x34 mbed\hal\targets\hal\TARGET_STM\TARGET_STM32F4\pinmap.o
 .rodata.__sf_fake_stdin
                0x08003e60       0x20 c:/program files (x86)/atollic/truestudio for arm 6.0.0/armtools/bin/../lib/gcc/arm-atollic-eabi/5.3.1/../../../../arm-atollic-eabi/lib/armv7e-m/fpu\libc_nano.a(lib_a-findfp.o)
                0x08003e60                __sf_fake_stdin
 .rodata.__sf_fake_stdout
                0x08003e80       0x20 c:/program files (x86)/atollic/truestudio for arm 6.0.0/armtools/bin/../lib/gcc/arm-atollic-eabi/5.3.1/../../../../arm-atollic-eabi/lib/armv7e-m/fpu\libc_nano.a(lib_a-findfp.o)
                0x08003e80                __sf_fake_stdout
 .rodata.__sf_fake_stderr
                0x08003ea0       0x20 c:/program files (x86)/atollic/truestudio for arm 6.0.0/armtools/bin/../lib/gcc/arm-atollic-eabi/5.3.1/../../../../arm-atollic-eabi/lib/armv7e-m/fpu\libc_nano.a(lib_a-findfp.o)
                0x08003ea0                __sf_fake_stderr
 .rodata.str1.1
                0x08003ec0        0x2 c:/program files (x86)/atollic/truestudio for arm 6.0.0/armtools/bin/../lib/gcc/arm-atollic-eabi/5.3.1/../../../../arm-atollic-eabi/lib/armv7e-m/fpu\libc_nano.a(lib_a-impure.o)
 .rodata.str1.1
                0x08003ec2       0x22 c:/program files (x86)/atollic/truestudio for arm 6.0.0/armtools/bin/../lib/gcc/arm-atollic-eabi/5.3.1/../../../../arm-atollic-eabi/lib/armv7e-m/fpu\libc_nano.a(lib_a-nano-vfprintf_i.o)
 .rodata.str1.1
                0x08003ee4       0x11 c:/program files (x86)/atollic/truestudio for arm 6.0.0/armtools/bin/../lib/gcc/arm-atollic-eabi/5.3.1/../../../../arm-atollic-eabi/lib/armv7e-m/fpu\libc_nano.a(lib_a-nano-svfprintf.o)
                0x08003ef8                . = ALIGN (0x4)
 *fill*         0x08003ef5        0x3 

.rel.dyn        0x08003ef8        0x0
 .rel.iplt      0x08003ef8        0x0 c:/program files (x86)/atollic/truestudio for arm 6.0.0/armtools/bin/../lib/gcc/arm-atollic-eabi/5.3.1/armv7e-m/fpu/crtbegin.o

.ARM.extab
 *(.ARM.extab* .gnu.linkonce.armextab.*)

.ARM            0x08003ef8        0x0
                0x08003ef8                __exidx_start = .
 *(.ARM.exidx*)
                0x08003ef8                __exidx_end = .

.preinit_array  0x08003ef8        0x0
                0x08003ef8                PROVIDE (__preinit_array_start, .)
 *(.preinit_array*)
                0x08003ef8                PROVIDE (__preinit_array_end, .)

.init_array     0x08003ef8        0x8
                0x08003ef8                PROVIDE (__init_array_start, .)
 *(SORT(.init_array.*))
 *(.init_array*)
 .init_array    0x08003ef8        0x4 c:/program files (x86)/atollic/truestudio for arm 6.0.0/armtools/bin/../lib/gcc/arm-atollic-eabi/5.3.1/armv7e-m/fpu/crtbegin.o
 .init_array    0x08003efc        0x4 src\main.o
                0x08003f00                PROVIDE (__init_array_end, .)

.fini_array     0x08003f00        0x4
                [!provide]                PROVIDE (__fini_array_start, .)
 *(SORT(.fini_array.*))
 *(.fini_array*)
 .fini_array    0x08003f00        0x4 c:/program files (x86)/atollic/truestudio for arm 6.0.0/armtools/bin/../lib/gcc/arm-atollic-eabi/5.3.1/armv7e-m/fpu/crtbegin.o
                [!provide]                PROVIDE (__fini_array_end, .)
                0x08003f04                _sidata = LOADADDR (.data)

.data           0x20000000       0x68 load address 0x08003f04
                0x20000000                . = ALIGN (0x4)
                0x20000000                _sdata = .
 *(.data)
 *(.data*)
 .data.SystemCoreClock
                0x20000000        0x4 mbed\hal\targets\cmsis\TARGET_STM\TARGET_STM32F4\TARGET_STM32F407VG\system_stm32f4xx.o
                0x20000000                SystemCoreClock
 .data.impure_data
                0x20000004       0x60 c:/program files (x86)/atollic/truestudio for arm 6.0.0/armtools/bin/../lib/gcc/arm-atollic-eabi/5.3.1/../../../../arm-atollic-eabi/lib/armv7e-m/fpu\libc_nano.a(lib_a-impure.o)
 .data._impure_ptr
                0x20000064        0x4 c:/program files (x86)/atollic/truestudio for arm 6.0.0/armtools/bin/../lib/gcc/arm-atollic-eabi/5.3.1/../../../../arm-atollic-eabi/lib/armv7e-m/fpu\libc_nano.a(lib_a-impure.o)
                0x20000064                _impure_ptr
                0x20000068                . = ALIGN (0x4)
                0x20000068                _edata = .
                0x08003f6c                _siccmram = LOADADDR (.ccmram)

.igot.plt       0x20000068        0x0 load address 0x08003f6c
 .igot.plt      0x20000068        0x0 c:/program files (x86)/atollic/truestudio for arm 6.0.0/armtools/bin/../lib/gcc/arm-atollic-eabi/5.3.1/armv7e-m/fpu/crtbegin.o

.ccmram         0x10000000        0x0 load address 0x08003f6c
                0x10000000                . = ALIGN (0x4)
                0x10000000                _sccmram = .
 *(.ccmram)
 *(.ccmram*)
                0x10000000                . = ALIGN (0x4)
                0x10000000                _eccmram = .
                0x10000000                . = ALIGN (0x4)

.bss            0x20000068      0x330
                0x20000068                _sbss = .
                0x20000068                __bss_start__ = _sbss
 *(.bss)
 .bss           0x20000068       0x1c c:/program files (x86)/atollic/truestudio for arm 6.0.0/armtools/bin/../lib/gcc/arm-atollic-eabi/5.3.1/armv7e-m/fpu/crtbegin.o
 *(.bss*)
 .bss.interrupt_enable_counter
                0x20000084        0x4 mbed\hal\common\mbed_critical.o
 .bss.critical_interrupts_disabled
                0x20000088        0x1 mbed\hal\common\mbed_critical.o
 *fill*         0x20000089        0x3 
 .bss.events    0x2000008c        0x8 mbed\hal\common\mbed_us_ticker_api.o
 .bss.PreviousVal
                0x20000094        0x4 mbed\hal\targets\cmsis\TARGET_STM\TARGET_STM32F4\TARGET_STM32F407VG\hal_tick.o
                0x20000094                PreviousVal
 .bss.uart_handlers
                0x20000098      0x200 mbed\hal\targets\hal\TARGET_STM\TARGET_STM32F4\serial_api.o
 .bss.stdio_uart_inited
                0x20000298        0x4 mbed\hal\targets\hal\TARGET_STM\TARGET_STM32F4\serial_api.o
                0x20000298                stdio_uart_inited
 .bss.TimMasterHandle
                0x2000029c       0x3c mbed\hal\targets\hal\TARGET_STM\TARGET_STM32F4\us_ticker.o
 .bss.us_ticker_inited
                0x200002d8        0x4 mbed\hal\targets\hal\TARGET_STM\TARGET_STM32F4\us_ticker.o
 .bss.led3      0x200002dc       0x10 src\main.o
                0x200002dc                led3
 .bss.led4      0x200002ec       0x10 src\main.o
                0x200002ec                led4
 .bss.led5      0x200002fc       0x10 src\main.o
                0x200002fc                led5
 .bss.led6      0x2000030c       0x10 src\main.o
                0x2000030c                led6
 .bss.botao     0x2000031c       0x10 src\main.o
                0x2000031c                botao
 .bss.__malloc_sbrk_start
                0x2000032c        0x4 c:/program files (x86)/atollic/truestudio for arm 6.0.0/armtools/bin/../lib/gcc/arm-atollic-eabi/5.3.1/../../../../arm-atollic-eabi/lib/armv7e-m/fpu\libc_nano.a(lib_a-nano-mallocr.o)
                0x2000032c                __malloc_sbrk_start
 .bss.__malloc_free_list
                0x20000330        0x4 c:/program files (x86)/atollic/truestudio for arm 6.0.0/armtools/bin/../lib/gcc/arm-atollic-eabi/5.3.1/../../../../arm-atollic-eabi/lib/armv7e-m/fpu\libc_nano.a(lib_a-nano-mallocr.o)
                0x20000330                __malloc_free_list
 .bss.heap_end.4169
                0x20000334        0x4 c:/program files (x86)/atollic/truestudio for arm 6.0.0/armtools/bin/../lib/gcc/arm-atollic-eabi/5.3.1/../../../../arm-atollic-eabi/lib/armv7e-m/fpu\libnosys.a(sbrk.o)
 *(COMMON)
 COMMON         0x20000338       0x3c mbed\hal\targets\cmsis\TARGET_STM\TARGET_STM32F4\TARGET_STM32F407VG\hal_tick.o
                0x20000338                TimMasterHandle
 COMMON         0x20000374        0x4 mbed\hal\targets\cmsis\TARGET_STM\TARGET_STM32F4\stm32f4xx_hal.o
                0x20000374                uwTick
 COMMON         0x20000378       0x1c mbed\hal\targets\hal\TARGET_STM\TARGET_STM32F4\serial_api.o
                0x20000378                stdio_uart
 COMMON         0x20000394        0x4 c:/program files (x86)/atollic/truestudio for arm 6.0.0/armtools/bin/../lib/gcc/arm-atollic-eabi/5.3.1/../../../../arm-atollic-eabi/lib/armv7e-m/fpu\libc_nano.a(lib_a-reent.o)
                0x20000394                errno
                0x20000398                . = ALIGN (0x4)
                0x20000398                _ebss = .
                0x20000398                __bss_end__ = _ebss

._user_heap_stack
                0x20000398      0x400
                0x20000398                . = ALIGN (0x4)
                0x20000398                PROVIDE (end, .)
                [!provide]                PROVIDE (_end, .)
                0x20000398                . = (. + _Min_Heap_Size)
                0x20000798                . = (. + _Min_Stack_Size)
 *fill*         0x20000398      0x400 
                0x20000798                . = ALIGN (0x4)

.memory_b1_text
 *(.mb1text)
 *(.mb1text*)
 *(.mb1rodata)
 *(.mb1rodata*)

/DISCARD/
 libc.a(*)
 libm.a(*)
 libgcc.a(*)

.ARM.attributes
                0x00000000       0x30
 *(.ARM.attributes)
 .ARM.attributes
                0x00000000       0x22 c:/program files (x86)/atollic/truestudio for arm 6.0.0/armtools/bin/../lib/gcc/arm-atollic-eabi/5.3.1/armv7e-m/fpu/crti.o
 .ARM.attributes
                0x00000022       0x34 c:/program files (x86)/atollic/truestudio for arm 6.0.0/armtools/bin/../lib/gcc/arm-atollic-eabi/5.3.1/armv7e-m/fpu/crtbegin.o
 .ARM.attributes
                0x00000056       0x39 mbed\hal\common\BusIn.o
 .ARM.attributes
                0x0000008f       0x39 mbed\hal\common\BusOut.o
 .ARM.attributes
                0x000000c8       0x39 mbed\hal\common\mbed_assert.o
 .ARM.attributes
                0x00000101       0x39 mbed\hal\common\mbed_board.o
 .ARM.attributes
                0x0000013a       0x39 mbed\hal\common\mbed_critical.o
 .ARM.attributes
                0x00000173       0x39 mbed\hal\common\mbed_error.o
 .ARM.attributes
                0x000001ac       0x39 mbed\hal\common\mbed_gpio.o
 .ARM.attributes
                0x000001e5       0x39 mbed\hal\common\mbed_pinmap_common.o
 .ARM.attributes
                0x0000021e       0x39 mbed\hal\common\mbed_ticker_api.o
 .ARM.attributes
                0x00000257       0x39 mbed\hal\common\mbed_us_ticker_api.o
 .ARM.attributes
                0x00000290       0x39 mbed\hal\common\mbed_wait_api_no_rtos.o
 .ARM.attributes
                0x000002c9       0x39 mbed\hal\common\retarget.o
 .ARM.attributes
                0x00000302       0x21 mbed\hal\targets\cmsis\TARGET_STM\TARGET_STM32F4\TARGET_STM32F407VG\TOOLCHAIN_GCC_ARM\startup_stm32f407xx.o
 .ARM.attributes
                0x00000323       0x39 mbed\hal\targets\cmsis\TARGET_STM\TARGET_STM32F4\TARGET_STM32F407VG\cmsis_nvic.o
 .ARM.attributes
                0x0000035c       0x39 mbed\hal\targets\cmsis\TARGET_STM\TARGET_STM32F4\TARGET_STM32F407VG\hal_tick.o
 .ARM.attributes
                0x00000395       0x39 mbed\hal\targets\cmsis\TARGET_STM\TARGET_STM32F4\TARGET_STM32F407VG\system_stm32f4xx.o
 .ARM.attributes
                0x000003ce       0x39 mbed\hal\targets\cmsis\TARGET_STM\TARGET_STM32F4\stm32f4xx_hal.o
 .ARM.attributes
                0x00000407       0x39 mbed\hal\targets\cmsis\TARGET_STM\TARGET_STM32F4\stm32f4xx_hal_cortex.o
 .ARM.attributes
                0x00000440       0x39 mbed\hal\targets\cmsis\TARGET_STM\TARGET_STM32F4\stm32f4xx_hal_gpio.o
 .ARM.attributes
                0x00000479       0x39 mbed\hal\targets\cmsis\TARGET_STM\TARGET_STM32F4\stm32f4xx_hal_msp_template.o
 .ARM.attributes
                0x000004b2       0x39 mbed\hal\targets\cmsis\TARGET_STM\TARGET_STM32F4\stm32f4xx_hal_rcc.o
 .ARM.attributes
                0x000004eb       0x39 mbed\hal\targets\cmsis\TARGET_STM\TARGET_STM32F4\stm32f4xx_hal_tim.o
 .ARM.attributes
                0x00000524       0x39 mbed\hal\targets\cmsis\TARGET_STM\TARGET_STM32F4\stm32f4xx_hal_uart.o
 .ARM.attributes
                0x0000055d       0x39 mbed\hal\targets\hal\TARGET_STM\TARGET_STM32F4\TARGET_DISCO_F407VG\PeripheralPins.o
 .ARM.attributes
                0x00000596       0x39 mbed\hal\targets\hal\TARGET_STM\TARGET_STM32F4\gpio_api.o
 .ARM.attributes
                0x000005cf       0x39 mbed\hal\targets\hal\TARGET_STM\TARGET_STM32F4\pinmap.o
 .ARM.attributes
                0x00000608       0x39 mbed\hal\targets\hal\TARGET_STM\TARGET_STM32F4\serial_api.o
 .ARM.attributes
                0x00000641       0x39 mbed\hal\targets\hal\TARGET_STM\TARGET_STM32F4\us_ticker.o
 .ARM.attributes
                0x0000067a       0x39 src\main.o
 .ARM.attributes
                0x000006b3       0x34 c:/program files (x86)/atollic/truestudio for arm 6.0.0/armtools/bin/../lib/gcc/arm-atollic-eabi/5.3.1/../../../../arm-atollic-eabi/lib/armv7e-m/fpu\libc_nano.a(lib_a-findfp.o)
 .ARM.attributes
                0x000006e7       0x34 c:/program files (x86)/atollic/truestudio for arm 6.0.0/armtools/bin/../lib/gcc/arm-atollic-eabi/5.3.1/../../../../arm-atollic-eabi/lib/armv7e-m/fpu\libc_nano.a(lib_a-impure.o)
 .ARM.attributes
                0x0000071b       0x34 c:/program files (x86)/atollic/truestudio for arm 6.0.0/armtools/bin/../lib/gcc/arm-atollic-eabi/5.3.1/../../../../arm-atollic-eabi/lib/armv7e-m/fpu\libc_nano.a(lib_a-init.o)
 .ARM.attributes
                0x0000074f       0x20 c:/program files (x86)/atollic/truestudio for arm 6.0.0/armtools/bin/../lib/gcc/arm-atollic-eabi/5.3.1/../../../../arm-atollic-eabi/lib/armv7e-m/fpu\libc_nano.a(lib_a-memchr.o)
 .ARM.attributes
                0x0000076f       0x34 c:/program files (x86)/atollic/truestudio for arm 6.0.0/armtools/bin/../lib/gcc/arm-atollic-eabi/5.3.1/../../../../arm-atollic-eabi/lib/armv7e-m/fpu\libc_nano.a(lib_a-memcpy-stub.o)
 .ARM.attributes
                0x000007a3       0x34 c:/program files (x86)/atollic/truestudio for arm 6.0.0/armtools/bin/../lib/gcc/arm-atollic-eabi/5.3.1/../../../../arm-atollic-eabi/lib/armv7e-m/fpu\libc_nano.a(lib_a-nano-freer.o)
 .ARM.attributes
                0x000007d7       0x34 c:/program files (x86)/atollic/truestudio for arm 6.0.0/armtools/bin/../lib/gcc/arm-atollic-eabi/5.3.1/../../../../arm-atollic-eabi/lib/armv7e-m/fpu\libc_nano.a(lib_a-nano-mallocr.o)
 .ARM.attributes
                0x0000080b       0x34 c:/program files (x86)/atollic/truestudio for arm 6.0.0/armtools/bin/../lib/gcc/arm-atollic-eabi/5.3.1/../../../../arm-atollic-eabi/lib/armv7e-m/fpu\libc_nano.a(lib_a-nano-vfprintf_i.o)
 .ARM.attributes
                0x0000083f       0x34 c:/program files (x86)/atollic/truestudio for arm 6.0.0/armtools/bin/../lib/gcc/arm-atollic-eabi/5.3.1/../../../../arm-atollic-eabi/lib/armv7e-m/fpu\libc_nano.a(lib_a-reent.o)
 .ARM.attributes
                0x00000873       0x34 c:/program files (x86)/atollic/truestudio for arm 6.0.0/armtools/bin/../lib/gcc/arm-atollic-eabi/5.3.1/../../../../arm-atollic-eabi/lib/armv7e-m/fpu\libc_nano.a(lib_a-sbrkr.o)
 .ARM.attributes
                0x000008a7       0x34 c:/program files (x86)/atollic/truestudio for arm 6.0.0/armtools/bin/../lib/gcc/arm-atollic-eabi/5.3.1/../../../../arm-atollic-eabi/lib/armv7e-m/fpu\libc_nano.a(lib_a-vsprintf.o)
 .ARM.attributes
                0x000008db       0x34 c:/program files (x86)/atollic/truestudio for arm 6.0.0/armtools/bin/../lib/gcc/arm-atollic-eabi/5.3.1/../../../../arm-atollic-eabi/lib/armv7e-m/fpu\libc_nano.a(lib_a-memmove.o)
 .ARM.attributes
                0x0000090f       0x34 c:/program files (x86)/atollic/truestudio for arm 6.0.0/armtools/bin/../lib/gcc/arm-atollic-eabi/5.3.1/../../../../arm-atollic-eabi/lib/armv7e-m/fpu\libc_nano.a(lib_a-nano-reallocr.o)
 .ARM.attributes
                0x00000943       0x34 c:/program files (x86)/atollic/truestudio for arm 6.0.0/armtools/bin/../lib/gcc/arm-atollic-eabi/5.3.1/../../../../arm-atollic-eabi/lib/armv7e-m/fpu\libc_nano.a(lib_a-nano-svfprintf.o)
 .ARM.attributes
                0x00000977       0x34 c:/program files (x86)/atollic/truestudio for arm 6.0.0/armtools/bin/../lib/gcc/arm-atollic-eabi/5.3.1/../../../../arm-atollic-eabi/lib/armv7e-m/fpu\libc_nano.a(lib_a-nano-msizer.o)
 .ARM.attributes
                0x000009ab       0x34 c:/program files (x86)/atollic/truestudio for arm 6.0.0/armtools/bin/../lib/gcc/arm-atollic-eabi/5.3.1/../../../../arm-atollic-eabi/lib/armv7e-m/fpu\libnosys.a(sbrk.o)
 .ARM.attributes
                0x000009df       0x22 c:/program files (x86)/atollic/truestudio for arm 6.0.0/armtools/bin/../lib/gcc/arm-atollic-eabi/5.3.1/armv7e-m/fpu/crtn.o
OUTPUT(STM32F4_Discovery_mbed.elf elf32-littlearm)

.debug_info     0x00000000    0x14d95
 .debug_info    0x00000000     0x1d41 mbed\hal\common\BusIn.o
 .debug_info    0x00001d41     0x1e2d mbed\hal\common\BusOut.o
 .debug_info    0x00003b6e       0xf3 mbed\hal\common\mbed_assert.o
 .debug_info    0x00003c61      0x72a mbed\hal\common\mbed_board.o
 .debug_info    0x0000438b      0xa20 mbed\hal\common\mbed_critical.o
 .debug_info    0x00004dab      0x115 mbed\hal\common\mbed_error.o
 .debug_info    0x00004ec0      0x76f mbed\hal\common\mbed_gpio.o
 .debug_info    0x0000562f      0x685 mbed\hal\common\mbed_pinmap_common.o
 .debug_info    0x00005cb4      0x3a5 mbed\hal\common\mbed_ticker_api.o
 .debug_info    0x00006059      0x26c mbed\hal\common\mbed_us_ticker_api.o
 .debug_info    0x000062c5      0x13b mbed\hal\common\mbed_wait_api_no_rtos.o
 .debug_info    0x00006400     0x279b mbed\hal\common\retarget.o
 .debug_info    0x00008b9b       0xe9 mbed\hal\targets\cmsis\TARGET_STM\TARGET_STM32F4\TARGET_STM32F407VG\TOOLCHAIN_GCC_ARM\startup_stm32f407xx.o
 .debug_info    0x00008c84      0x54b mbed\hal\targets\cmsis\TARGET_STM\TARGET_STM32F4\TARGET_STM32F407VG\cmsis_nvic.o
 .debug_info    0x000091cf      0xbcf mbed\hal\targets\cmsis\TARGET_STM\TARGET_STM32F4\TARGET_STM32F407VG\hal_tick.o
 .debug_info    0x00009d9e      0x745 mbed\hal\targets\cmsis\TARGET_STM\TARGET_STM32F4\TARGET_STM32F407VG\system_stm32f4xx.o
 .debug_info    0x0000a4e3      0x850 mbed\hal\targets\cmsis\TARGET_STM\TARGET_STM32F4\stm32f4xx_hal.o
 .debug_info    0x0000ad33      0xd17 mbed\hal\targets\cmsis\TARGET_STM\TARGET_STM32F4\stm32f4xx_hal_cortex.o
 .debug_info    0x0000ba4a      0x71b mbed\hal\targets\cmsis\TARGET_STM\TARGET_STM32F4\stm32f4xx_hal_gpio.o
 .debug_info    0x0000c165       0xec mbed\hal\targets\cmsis\TARGET_STM\TARGET_STM32F4\stm32f4xx_hal_msp_template.o
 .debug_info    0x0000c251      0xb34 mbed\hal\targets\cmsis\TARGET_STM\TARGET_STM32F4\stm32f4xx_hal_rcc.o
 .debug_info    0x0000cd85     0x218e mbed\hal\targets\cmsis\TARGET_STM\TARGET_STM32F4\stm32f4xx_hal_tim.o
 .debug_info    0x0000ef13      0xf19 mbed\hal\targets\cmsis\TARGET_STM\TARGET_STM32F4\stm32f4xx_hal_uart.o
 .debug_info    0x0000fe2c      0x7ba mbed\hal\targets\hal\TARGET_STM\TARGET_STM32F4\TARGET_DISCO_F407VG\PeripheralPins.o
 .debug_info    0x000105e6      0x6fd mbed\hal\targets\hal\TARGET_STM\TARGET_STM32F4\gpio_api.o
 .debug_info    0x00010ce3      0xa52 mbed\hal\targets\hal\TARGET_STM\TARGET_STM32F4\pinmap.o
 .debug_info    0x00011735     0x16eb mbed\hal\targets\hal\TARGET_STM\TARGET_STM32F4\serial_api.o
 .debug_info    0x00012e20      0x611 mbed\hal\targets\hal\TARGET_STM\TARGET_STM32F4\us_ticker.o
 .debug_info    0x00013431     0x1964 src\main.o

.debug_abbrev   0x00000000     0x366c
 .debug_abbrev  0x00000000      0x421 mbed\hal\common\BusIn.o
 .debug_abbrev  0x00000421      0x439 mbed\hal\common\BusOut.o
 .debug_abbrev  0x0000085a       0x88 mbed\hal\common\mbed_assert.o
 .debug_abbrev  0x000008e2      0x176 mbed\hal\common\mbed_board.o
 .debug_abbrev  0x00000a58      0x19c mbed\hal\common\mbed_critical.o
 .debug_abbrev  0x00000bf4       0xbf mbed\hal\common\mbed_error.o
 .debug_abbrev  0x00000cb3      0x101 mbed\hal\common\mbed_gpio.o
 .debug_abbrev  0x00000db4      0x11b mbed\hal\common\mbed_pinmap_common.o
 .debug_abbrev  0x00000ecf      0x134 mbed\hal\common\mbed_ticker_api.o
 .debug_abbrev  0x00001003       0xfa mbed\hal\common\mbed_us_ticker_api.o
 .debug_abbrev  0x000010fd       0x87 mbed\hal\common\mbed_wait_api_no_rtos.o
 .debug_abbrev  0x00001184      0x670 mbed\hal\common\retarget.o
 .debug_abbrev  0x000017f4       0x12 mbed\hal\targets\cmsis\TARGET_STM\TARGET_STM32F4\TARGET_STM32F407VG\TOOLCHAIN_GCC_ARM\startup_stm32f407xx.o
 .debug_abbrev  0x00001806      0x136 mbed\hal\targets\cmsis\TARGET_STM\TARGET_STM32F4\TARGET_STM32F407VG\cmsis_nvic.o
 .debug_abbrev  0x0000193c      0x21e mbed\hal\targets\cmsis\TARGET_STM\TARGET_STM32F4\TARGET_STM32F407VG\hal_tick.o
 .debug_abbrev  0x00001b5a      0x19b mbed\hal\targets\cmsis\TARGET_STM\TARGET_STM32F4\TARGET_STM32F407VG\system_stm32f4xx.o
 .debug_abbrev  0x00001cf5      0x20c mbed\hal\targets\cmsis\TARGET_STM\TARGET_STM32F4\stm32f4xx_hal.o
 .debug_abbrev  0x00001f01      0x2c9 mbed\hal\targets\cmsis\TARGET_STM\TARGET_STM32F4\stm32f4xx_hal_cortex.o
 .debug_abbrev  0x000021ca      0x1ac mbed\hal\targets\cmsis\TARGET_STM\TARGET_STM32F4\stm32f4xx_hal_gpio.o
 .debug_abbrev  0x00002376       0x67 mbed\hal\targets\cmsis\TARGET_STM\TARGET_STM32F4\stm32f4xx_hal_msp_template.o
 .debug_abbrev  0x000023dd      0x2b0 mbed\hal\targets\cmsis\TARGET_STM\TARGET_STM32F4\stm32f4xx_hal_rcc.o
 .debug_abbrev  0x0000268d      0x208 mbed\hal\targets\cmsis\TARGET_STM\TARGET_STM32F4\stm32f4xx_hal_tim.o
 .debug_abbrev  0x00002895      0x224 mbed\hal\targets\cmsis\TARGET_STM\TARGET_STM32F4\stm32f4xx_hal_uart.o
 .debug_abbrev  0x00002ab9       0xdb mbed\hal\targets\hal\TARGET_STM\TARGET_STM32F4\TARGET_DISCO_F407VG\PeripheralPins.o
 .debug_abbrev  0x00002b94      0x151 mbed\hal\targets\hal\TARGET_STM\TARGET_STM32F4\gpio_api.o
 .debug_abbrev  0x00002ce5      0x16c mbed\hal\targets\hal\TARGET_STM\TARGET_STM32F4\pinmap.o
 .debug_abbrev  0x00002e51      0x2d4 mbed\hal\targets\hal\TARGET_STM\TARGET_STM32F4\serial_api.o
 .debug_abbrev  0x00003125      0x18d mbed\hal\targets\hal\TARGET_STM\TARGET_STM32F4\us_ticker.o
 .debug_abbrev  0x000032b2      0x3ba src\main.o

.debug_aranges  0x00000000     0x1010
 .debug_aranges
                0x00000000       0xa8 mbed\hal\common\BusIn.o
 .debug_aranges
                0x000000a8       0xc0 mbed\hal\common\BusOut.o
 .debug_aranges
                0x00000168       0x20 mbed\hal\common\mbed_assert.o
 .debug_aranges
                0x00000188       0x38 mbed\hal\common\mbed_board.o
 .debug_aranges
                0x000001c0       0x90 mbed\hal\common\mbed_critical.o
 .debug_aranges
                0x00000250       0x20 mbed\hal\common\mbed_error.o
 .debug_aranges
                0x00000270       0x58 mbed\hal\common\mbed_gpio.o
 .debug_aranges
                0x000002c8       0x48 mbed\hal\common\mbed_pinmap_common.o
 .debug_aranges
                0x00000310       0x48 mbed\hal\common\mbed_ticker_api.o
 .debug_aranges
                0x00000358       0x28 mbed\hal\common\mbed_us_ticker_api.o
 .debug_aranges
                0x00000380       0x30 mbed\hal\common\mbed_wait_api_no_rtos.o
 .debug_aranges
                0x000003b0      0x1c8 mbed\hal\common\retarget.o
 .debug_aranges
                0x00000578       0x28 mbed\hal\targets\cmsis\TARGET_STM\TARGET_STM32F4\TARGET_STM32F407VG\TOOLCHAIN_GCC_ARM\startup_stm32f407xx.o
 .debug_aranges
                0x000005a0       0x28 mbed\hal\targets\cmsis\TARGET_STM\TARGET_STM32F4\TARGET_STM32F407VG\cmsis_nvic.o
 .debug_aranges
                0x000005c8       0x40 mbed\hal\targets\cmsis\TARGET_STM\TARGET_STM32F4\TARGET_STM32F407VG\hal_tick.o
 .debug_aranges
                0x00000608       0x40 mbed\hal\targets\cmsis\TARGET_STM\TARGET_STM32F4\TARGET_STM32F407VG\system_stm32f4xx.o
 .debug_aranges
                0x00000648       0xc0 mbed\hal\targets\cmsis\TARGET_STM\TARGET_STM32F4\stm32f4xx_hal.o
 .debug_aranges
                0x00000708      0x108 mbed\hal\targets\cmsis\TARGET_STM\TARGET_STM32F4\stm32f4xx_hal_cortex.o
 .debug_aranges
                0x00000810       0x58 mbed\hal\targets\cmsis\TARGET_STM\TARGET_STM32F4\stm32f4xx_hal_gpio.o
 .debug_aranges
                0x00000868       0x38 mbed\hal\targets\cmsis\TARGET_STM\TARGET_STM32F4\stm32f4xx_hal_msp_template.o
 .debug_aranges
                0x000008a0       0x88 mbed\hal\targets\cmsis\TARGET_STM\TARGET_STM32F4\stm32f4xx_hal_rcc.o
 .debug_aranges
                0x00000928      0x368 mbed\hal\targets\cmsis\TARGET_STM\TARGET_STM32F4\stm32f4xx_hal_tim.o
 .debug_aranges
                0x00000c90      0x168 mbed\hal\targets\cmsis\TARGET_STM\TARGET_STM32F4\stm32f4xx_hal_uart.o
 .debug_aranges
                0x00000df8       0x18 mbed\hal\targets\hal\TARGET_STM\TARGET_STM32F4\TARGET_DISCO_F407VG\PeripheralPins.o
 .debug_aranges
                0x00000e10       0x38 mbed\hal\targets\hal\TARGET_STM\TARGET_STM32F4\gpio_api.o
 .debug_aranges
                0x00000e48       0x30 mbed\hal\targets\hal\TARGET_STM\TARGET_STM32F4\pinmap.o
 .debug_aranges
                0x00000e78       0xd8 mbed\hal\targets\hal\TARGET_STM\TARGET_STM32F4\serial_api.o
 .debug_aranges
                0x00000f50       0x40 mbed\hal\targets\hal\TARGET_STM\TARGET_STM32F4\us_ticker.o
 .debug_aranges
                0x00000f90       0x80 src\main.o

.debug_ranges   0x00000000      0xe40
 .debug_ranges  0x00000000       0x98 mbed\hal\common\BusIn.o
 .debug_ranges  0x00000098       0xb0 mbed\hal\common\BusOut.o
 .debug_ranges  0x00000148       0x10 mbed\hal\common\mbed_assert.o
 .debug_ranges  0x00000158       0x28 mbed\hal\common\mbed_board.o
 .debug_ranges  0x00000180       0x80 mbed\hal\common\mbed_critical.o
 .debug_ranges  0x00000200       0x10 mbed\hal\common\mbed_error.o
 .debug_ranges  0x00000210       0x48 mbed\hal\common\mbed_gpio.o
 .debug_ranges  0x00000258       0x38 mbed\hal\common\mbed_pinmap_common.o
 .debug_ranges  0x00000290       0x38 mbed\hal\common\mbed_ticker_api.o
 .debug_ranges  0x000002c8       0x18 mbed\hal\common\mbed_us_ticker_api.o
 .debug_ranges  0x000002e0       0x20 mbed\hal\common\mbed_wait_api_no_rtos.o
 .debug_ranges  0x00000300      0x1b8 mbed\hal\common\retarget.o
 .debug_ranges  0x000004b8       0x20 mbed\hal\targets\cmsis\TARGET_STM\TARGET_STM32F4\TARGET_STM32F407VG\TOOLCHAIN_GCC_ARM\startup_stm32f407xx.o
 .debug_ranges  0x000004d8       0x18 mbed\hal\targets\cmsis\TARGET_STM\TARGET_STM32F4\TARGET_STM32F407VG\cmsis_nvic.o
 .debug_ranges  0x000004f0       0x30 mbed\hal\targets\cmsis\TARGET_STM\TARGET_STM32F4\TARGET_STM32F407VG\hal_tick.o
 .debug_ranges  0x00000520       0x30 mbed\hal\targets\cmsis\TARGET_STM\TARGET_STM32F4\TARGET_STM32F407VG\system_stm32f4xx.o
 .debug_ranges  0x00000550       0xb0 mbed\hal\targets\cmsis\TARGET_STM\TARGET_STM32F4\stm32f4xx_hal.o
 .debug_ranges  0x00000600       0xf8 mbed\hal\targets\cmsis\TARGET_STM\TARGET_STM32F4\stm32f4xx_hal_cortex.o
 .debug_ranges  0x000006f8       0x48 mbed\hal\targets\cmsis\TARGET_STM\TARGET_STM32F4\stm32f4xx_hal_gpio.o
 .debug_ranges  0x00000740       0x28 mbed\hal\targets\cmsis\TARGET_STM\TARGET_STM32F4\stm32f4xx_hal_msp_template.o
 .debug_ranges  0x00000768       0x78 mbed\hal\targets\cmsis\TARGET_STM\TARGET_STM32F4\stm32f4xx_hal_rcc.o
 .debug_ranges  0x000007e0      0x358 mbed\hal\targets\cmsis\TARGET_STM\TARGET_STM32F4\stm32f4xx_hal_tim.o
 .debug_ranges  0x00000b38      0x158 mbed\hal\targets\cmsis\TARGET_STM\TARGET_STM32F4\stm32f4xx_hal_uart.o
 .debug_ranges  0x00000c90       0x28 mbed\hal\targets\hal\TARGET_STM\TARGET_STM32F4\gpio_api.o
 .debug_ranges  0x00000cb8       0x20 mbed\hal\targets\hal\TARGET_STM\TARGET_STM32F4\pinmap.o
 .debug_ranges  0x00000cd8       0xc8 mbed\hal\targets\hal\TARGET_STM\TARGET_STM32F4\serial_api.o
 .debug_ranges  0x00000da0       0x30 mbed\hal\targets\hal\TARGET_STM\TARGET_STM32F4\us_ticker.o
 .debug_ranges  0x00000dd0       0x70 src\main.o

.debug_line     0x00000000     0x9592
 .debug_line    0x00000000      0x79c mbed\hal\common\BusIn.o
 .debug_line    0x0000079c      0x7e2 mbed\hal\common\BusOut.o
 .debug_line    0x00000f7e      0x1aa mbed\hal\common\mbed_assert.o
 .debug_line    0x00001128      0x46d mbed\hal\common\mbed_board.o
 .debug_line    0x00001595      0x517 mbed\hal\common\mbed_critical.o
 .debug_line    0x00001aac      0x22a mbed\hal\common\mbed_error.o
 .debug_line    0x00001cd6      0x373 mbed\hal\common\mbed_gpio.o
 .debug_line    0x00002049      0x33e mbed\hal\common\mbed_pinmap_common.o
 .debug_line    0x00002387      0x2a1 mbed\hal\common\mbed_ticker_api.o
 .debug_line    0x00002628      0x22d mbed\hal\common\mbed_us_ticker_api.o
 .debug_line    0x00002855      0x1dc mbed\hal\common\mbed_wait_api_no_rtos.o
 .debug_line    0x00002a31      0xbfb mbed\hal\common\retarget.o
 .debug_line    0x0000362c       0xcd mbed\hal\targets\cmsis\TARGET_STM\TARGET_STM32F4\TARGET_STM32F407VG\TOOLCHAIN_GCC_ARM\startup_stm32f407xx.o
 .debug_line    0x000036f9      0x215 mbed\hal\targets\cmsis\TARGET_STM\TARGET_STM32F4\TARGET_STM32F407VG\cmsis_nvic.o
 .debug_line    0x0000390e      0x347 mbed\hal\targets\cmsis\TARGET_STM\TARGET_STM32F4\TARGET_STM32F407VG\hal_tick.o
 .debug_line    0x00003c55      0x361 mbed\hal\targets\cmsis\TARGET_STM\TARGET_STM32F4\TARGET_STM32F407VG\system_stm32f4xx.o
 .debug_line    0x00003fb6      0x4de mbed\hal\targets\cmsis\TARGET_STM\TARGET_STM32F4\stm32f4xx_hal.o
 .debug_line    0x00004494      0x600 mbed\hal\targets\cmsis\TARGET_STM\TARGET_STM32F4\stm32f4xx_hal_cortex.o
 .debug_line    0x00004a94      0x51c mbed\hal\targets\cmsis\TARGET_STM\TARGET_STM32F4\stm32f4xx_hal_gpio.o
 .debug_line    0x00004fb0      0x20b mbed\hal\targets\cmsis\TARGET_STM\TARGET_STM32F4\stm32f4xx_hal_msp_template.o
 .debug_line    0x000051bb      0x67c mbed\hal\targets\cmsis\TARGET_STM\TARGET_STM32F4\stm32f4xx_hal_rcc.o
 .debug_line    0x00005837     0x14d3 mbed\hal\targets\cmsis\TARGET_STM\TARGET_STM32F4\stm32f4xx_hal_tim.o
 .debug_line    0x00006d0a      0xab4 mbed\hal\targets\cmsis\TARGET_STM\TARGET_STM32F4\stm32f4xx_hal_uart.o
 .debug_line    0x000077be      0x2ec mbed\hal\targets\hal\TARGET_STM\TARGET_STM32F4\TARGET_DISCO_F407VG\PeripheralPins.o
 .debug_line    0x00007aaa      0x3ee mbed\hal\targets\hal\TARGET_STM\TARGET_STM32F4\gpio_api.o
 .debug_line    0x00007e98      0x41c mbed\hal\targets\hal\TARGET_STM\TARGET_STM32F4\pinmap.o
 .debug_line    0x000082b4      0x7b9 mbed\hal\targets\hal\TARGET_STM\TARGET_STM32F4\serial_api.o
 .debug_line    0x00008a6d      0x3f0 mbed\hal\targets\hal\TARGET_STM\TARGET_STM32F4\us_ticker.o
 .debug_line    0x00008e5d      0x735 src\main.o

.debug_str      0x00000000     0x5335
 .debug_str     0x00000000      0xe59 mbed\hal\common\BusIn.o
                                0xfc3 (size before relaxing)
 .debug_str     0x00000e59      0x355 mbed\hal\common\BusOut.o
                               0x1000 (size before relaxing)
 .debug_str     0x000011ae      0x106 mbed\hal\common\mbed_assert.o
                                0x212 (size before relaxing)
 .debug_str     0x000012b4      0x105 mbed\hal\common\mbed_board.o
                                0x6f2 (size before relaxing)
 .debug_str     0x000013b9      0x2c4 mbed\hal\common\mbed_critical.o
                                0x4d7 (size before relaxing)
 .debug_str     0x0000167d       0x20 mbed\hal\common\mbed_error.o
                                0x220 (size before relaxing)
 .debug_str     0x0000169d       0x99 mbed\hal\common\mbed_gpio.o
                                0x6ba (size before relaxing)
 .debug_str     0x00001736       0x98 mbed\hal\common\mbed_pinmap_common.o
                                0x670 (size before relaxing)
 .debug_str     0x000017ce       0xff mbed\hal\common\mbed_ticker_api.o
                                0x36d (size before relaxing)
 .debug_str     0x000018cd       0x6d mbed\hal\common\mbed_us_ticker_api.o
                                0x32f (size before relaxing)
 .debug_str     0x0000193a       0x46 mbed\hal\common\mbed_wait_api_no_rtos.o
                                0x22d (size before relaxing)
 .debug_str     0x00001980      0x87d mbed\hal\common\retarget.o
                               0x15b3 (size before relaxing)
 .debug_str     0x000021fd      0x5e4 mbed\hal\targets\cmsis\TARGET_STM\TARGET_STM32F4\TARGET_STM32F407VG\cmsis_nvic.o
                                0x7e4 (size before relaxing)
 .debug_str     0x000027e1      0x5fd mbed\hal\targets\cmsis\TARGET_STM\TARGET_STM32F4\TARGET_STM32F407VG\hal_tick.o
                                0xd4e (size before relaxing)
 .debug_str     0x00002dde      0x1eb mbed\hal\targets\cmsis\TARGET_STM\TARGET_STM32F4\TARGET_STM32F407VG\system_stm32f4xx.o
                                0x579 (size before relaxing)
 .debug_str     0x00002fc9      0x23b mbed\hal\targets\cmsis\TARGET_STM\TARGET_STM32F4\stm32f4xx_hal.o
                                0xaa4 (size before relaxing)
 .debug_str     0x00003204      0x42a mbed\hal\targets\cmsis\TARGET_STM\TARGET_STM32F4\stm32f4xx_hal_cortex.o
                                0xc53 (size before relaxing)
 .debug_str     0x0000362e      0x1dc mbed\hal\targets\cmsis\TARGET_STM\TARGET_STM32F4\stm32f4xx_hal_gpio.o
                                0x545 (size before relaxing)
 .debug_str     0x0000380a       0x73 mbed\hal\targets\cmsis\TARGET_STM\TARGET_STM32F4\stm32f4xx_hal_msp_template.o
                                0x25a (size before relaxing)
 .debug_str     0x0000387d      0x1bb mbed\hal\targets\cmsis\TARGET_STM\TARGET_STM32F4\stm32f4xx_hal_rcc.o
                                0x6f9 (size before relaxing)
 .debug_str     0x00003a38      0xd1f mbed\hal\targets\cmsis\TARGET_STM\TARGET_STM32F4\stm32f4xx_hal_tim.o
                               0x13a3 (size before relaxing)
 .debug_str     0x00004757      0x597 mbed\hal\targets\cmsis\TARGET_STM\TARGET_STM32F4\stm32f4xx_hal_uart.o
                                0xa8e (size before relaxing)
 .debug_str     0x00004cee      0x183 mbed\hal\targets\hal\TARGET_STM\TARGET_STM32F4\TARGET_DISCO_F407VG\PeripheralPins.o
                                0x76f (size before relaxing)
 .debug_str     0x00004e71       0x77 mbed\hal\targets\hal\TARGET_STM\TARGET_STM32F4\gpio_api.o
                                0x6ca (size before relaxing)
 .debug_str     0x00004ee8       0xc7 mbed\hal\targets\hal\TARGET_STM\TARGET_STM32F4\pinmap.o
                                0x820 (size before relaxing)
 .debug_str     0x00004faf      0x234 mbed\hal\targets\hal\TARGET_STM\TARGET_STM32F4\serial_api.o
                               0x1381 (size before relaxing)
 .debug_str     0x000051e3       0xbb mbed\hal\targets\hal\TARGET_STM\TARGET_STM32F4\us_ticker.o
                                0x6cf (size before relaxing)
 .debug_str     0x0000529e       0x97 src\main.o
                                0xf00 (size before relaxing)

.comment        0x00000000       0x7e
 .comment       0x00000000       0x7e mbed\hal\common\BusIn.o
                                 0x7f (size before relaxing)
 .comment       0x0000007e       0x7f mbed\hal\common\BusOut.o
 .comment       0x0000007e       0x7f mbed\hal\common\mbed_assert.o
 .comment       0x0000007e       0x7f mbed\hal\common\mbed_board.o
 .comment       0x0000007e       0x7f mbed\hal\common\mbed_critical.o
 .comment       0x0000007e       0x7f mbed\hal\common\mbed_error.o
 .comment       0x0000007e       0x7f mbed\hal\common\mbed_gpio.o
 .comment       0x0000007e       0x7f mbed\hal\common\mbed_pinmap_common.o
 .comment       0x0000007e       0x7f mbed\hal\common\mbed_ticker_api.o
 .comment       0x0000007e       0x7f mbed\hal\common\mbed_us_ticker_api.o
 .comment       0x0000007e       0x7f mbed\hal\common\mbed_wait_api_no_rtos.o
 .comment       0x0000007e       0x7f mbed\hal\common\retarget.o
 .comment       0x0000007e       0x7f mbed\hal\targets\cmsis\TARGET_STM\TARGET_STM32F4\TARGET_STM32F407VG\cmsis_nvic.o
 .comment       0x0000007e       0x7f mbed\hal\targets\cmsis\TARGET_STM\TARGET_STM32F4\TARGET_STM32F407VG\hal_tick.o
 .comment       0x0000007e       0x7f mbed\hal\targets\cmsis\TARGET_STM\TARGET_STM32F4\TARGET_STM32F407VG\system_stm32f4xx.o
 .comment       0x0000007e       0x7f mbed\hal\targets\cmsis\TARGET_STM\TARGET_STM32F4\stm32f4xx_hal.o
 .comment       0x0000007e       0x7f mbed\hal\targets\cmsis\TARGET_STM\TARGET_STM32F4\stm32f4xx_hal_cortex.o
 .comment       0x0000007e       0x7f mbed\hal\targets\cmsis\TARGET_STM\TARGET_STM32F4\stm32f4xx_hal_gpio.o
 .comment       0x0000007e       0x7f mbed\hal\targets\cmsis\TARGET_STM\TARGET_STM32F4\stm32f4xx_hal_msp_template.o
 .comment       0x0000007e       0x7f mbed\hal\targets\cmsis\TARGET_STM\TARGET_STM32F4\stm32f4xx_hal_rcc.o
 .comment       0x0000007e       0x7f mbed\hal\targets\cmsis\TARGET_STM\TARGET_STM32F4\stm32f4xx_hal_tim.o
 .comment       0x0000007e       0x7f mbed\hal\targets\cmsis\TARGET_STM\TARGET_STM32F4\stm32f4xx_hal_uart.o
 .comment       0x0000007e       0x7f mbed\hal\targets\hal\TARGET_STM\TARGET_STM32F4\TARGET_DISCO_F407VG\PeripheralPins.o
 .comment       0x0000007e       0x7f mbed\hal\targets\hal\TARGET_STM\TARGET_STM32F4\gpio_api.o
 .comment       0x0000007e       0x7f mbed\hal\targets\hal\TARGET_STM\TARGET_STM32F4\pinmap.o
 .comment       0x0000007e       0x7f mbed\hal\targets\hal\TARGET_STM\TARGET_STM32F4\serial_api.o
 .comment       0x0000007e       0x7f mbed\hal\targets\hal\TARGET_STM\TARGET_STM32F4\us_ticker.o
 .comment       0x0000007e       0x7f src\main.o

.debug_frame    0x00000000     0x42e8
 .debug_frame   0x00000000      0x2b0 mbed\hal\common\BusIn.o
 .debug_frame   0x000002b0      0x31c mbed\hal\common\BusOut.o
 .debug_frame   0x000005cc       0x34 mbed\hal\common\mbed_assert.o
 .debug_frame   0x00000600       0xb4 mbed\hal\common\mbed_board.o
 .debug_frame   0x000006b4      0x250 mbed\hal\common\mbed_critical.o
 .debug_frame   0x00000904       0x38 mbed\hal\common\mbed_error.o
 .debug_frame   0x0000093c      0x130 mbed\hal\common\mbed_gpio.o
 .debug_frame   0x00000a6c       0xf0 mbed\hal\common\mbed_pinmap_common.o
 .debug_frame   0x00000b5c       0xec mbed\hal\common\mbed_ticker_api.o
 .debug_frame   0x00000c48       0x4c mbed\hal\common\mbed_us_ticker_api.o
 .debug_frame   0x00000c94       0x7c mbed\hal\common\mbed_wait_api_no_rtos.o
 .debug_frame   0x00000d10      0x7d0 mbed\hal\common\retarget.o
 .debug_frame   0x000014e0       0x60 mbed\hal\targets\cmsis\TARGET_STM\TARGET_STM32F4\TARGET_STM32F407VG\cmsis_nvic.o
 .debug_frame   0x00001540       0xc0 mbed\hal\targets\cmsis\TARGET_STM\TARGET_STM32F4\TARGET_STM32F407VG\hal_tick.o
 .debug_frame   0x00001600       0xb8 mbed\hal\targets\cmsis\TARGET_STM\TARGET_STM32F4\TARGET_STM32F407VG\system_stm32f4xx.o
 .debug_frame   0x000016b8      0x2c0 mbed\hal\targets\cmsis\TARGET_STM\TARGET_STM32F4\stm32f4xx_hal.o
 .debug_frame   0x00001978      0x450 mbed\hal\targets\cmsis\TARGET_STM\TARGET_STM32F4\stm32f4xx_hal_cortex.o
 .debug_frame   0x00001dc8      0x14c mbed\hal\targets\cmsis\TARGET_STM\TARGET_STM32F4\stm32f4xx_hal_gpio.o
 .debug_frame   0x00001f14       0x90 mbed\hal\targets\cmsis\TARGET_STM\TARGET_STM32F4\stm32f4xx_hal_msp_template.o
 .debug_frame   0x00001fa4      0x200 mbed\hal\targets\cmsis\TARGET_STM\TARGET_STM32F4\stm32f4xx_hal_rcc.o
 .debug_frame   0x000021a4      0xfb4 mbed\hal\targets\cmsis\TARGET_STM\TARGET_STM32F4\stm32f4xx_hal_tim.o
 .debug_frame   0x00003158      0x65c mbed\hal\targets\cmsis\TARGET_STM\TARGET_STM32F4\stm32f4xx_hal_uart.o
 .debug_frame   0x000037b4       0xa0 mbed\hal\targets\hal\TARGET_STM\TARGET_STM32F4\gpio_api.o
 .debug_frame   0x00003854       0x7c mbed\hal\targets\hal\TARGET_STM\TARGET_STM32F4\pinmap.o
 .debug_frame   0x000038d0      0x360 mbed\hal\targets\hal\TARGET_STM\TARGET_STM32F4\serial_api.o
 .debug_frame   0x00003c30       0xb0 mbed\hal\targets\hal\TARGET_STM\TARGET_STM32F4\us_ticker.o
 .debug_frame   0x00003ce0      0x1d8 src\main.o
 .debug_frame   0x00003eb8      0x11c c:/program files (x86)/atollic/truestudio for arm 6.0.0/armtools/bin/../lib/gcc/arm-atollic-eabi/5.3.1/../../../../arm-atollic-eabi/lib/armv7e-m/fpu\libc_nano.a(lib_a-findfp.o)
 .debug_frame   0x00003fd4       0x2c c:/program files (x86)/atollic/truestudio for arm 6.0.0/armtools/bin/../lib/gcc/arm-atollic-eabi/5.3.1/../../../../arm-atollic-eabi/lib/armv7e-m/fpu\libc_nano.a(lib_a-init.o)
 .debug_frame   0x00004000       0x28 c:/program files (x86)/atollic/truestudio for arm 6.0.0/armtools/bin/../lib/gcc/arm-atollic-eabi/5.3.1/../../../../arm-atollic-eabi/lib/armv7e-m/fpu\libc_nano.a(lib_a-memcpy-stub.o)
 .debug_frame   0x00004028       0x38 c:/program files (x86)/atollic/truestudio for arm 6.0.0/armtools/bin/../lib/gcc/arm-atollic-eabi/5.3.1/../../../../arm-atollic-eabi/lib/armv7e-m/fpu\libc_nano.a(lib_a-nano-freer.o)
 .debug_frame   0x00004060       0x2c c:/program files (x86)/atollic/truestudio for arm 6.0.0/armtools/bin/../lib/gcc/arm-atollic-eabi/5.3.1/../../../../arm-atollic-eabi/lib/armv7e-m/fpu\libc_nano.a(lib_a-nano-mallocr.o)
 .debug_frame   0x0000408c       0x60 c:/program files (x86)/atollic/truestudio for arm 6.0.0/armtools/bin/../lib/gcc/arm-atollic-eabi/5.3.1/../../../../arm-atollic-eabi/lib/armv7e-m/fpu\libc_nano.a(lib_a-nano-vfprintf_i.o)
 .debug_frame   0x000040ec       0x5c c:/program files (x86)/atollic/truestudio for arm 6.0.0/armtools/bin/../lib/gcc/arm-atollic-eabi/5.3.1/../../../../arm-atollic-eabi/lib/armv7e-m/fpu\libc_nano.a(lib_a-reent.o)
 .debug_frame   0x00004148       0x2c c:/program files (x86)/atollic/truestudio for arm 6.0.0/armtools/bin/../lib/gcc/arm-atollic-eabi/5.3.1/../../../../arm-atollic-eabi/lib/armv7e-m/fpu\libc_nano.a(lib_a-sbrkr.o)
 .debug_frame   0x00004174       0x40 c:/program files (x86)/atollic/truestudio for arm 6.0.0/armtools/bin/../lib/gcc/arm-atollic-eabi/5.3.1/../../../../arm-atollic-eabi/lib/armv7e-m/fpu\libc_nano.a(lib_a-vsprintf.o)
 .debug_frame   0x000041b4       0x28 c:/program files (x86)/atollic/truestudio for arm 6.0.0/armtools/bin/../lib/gcc/arm-atollic-eabi/5.3.1/../../../../arm-atollic-eabi/lib/armv7e-m/fpu\libc_nano.a(lib_a-memmove.o)
 .debug_frame   0x000041dc       0x3c c:/program files (x86)/atollic/truestudio for arm 6.0.0/armtools/bin/../lib/gcc/arm-atollic-eabi/5.3.1/../../../../arm-atollic-eabi/lib/armv7e-m/fpu\libc_nano.a(lib_a-nano-reallocr.o)
 .debug_frame   0x00004218       0x90 c:/program files (x86)/atollic/truestudio for arm 6.0.0/armtools/bin/../lib/gcc/arm-atollic-eabi/5.3.1/../../../../arm-atollic-eabi/lib/armv7e-m/fpu\libc_nano.a(lib_a-nano-svfprintf.o)
 .debug_frame   0x000042a8       0x20 c:/program files (x86)/atollic/truestudio for arm 6.0.0/armtools/bin/../lib/gcc/arm-atollic-eabi/5.3.1/../../../../arm-atollic-eabi/lib/armv7e-m/fpu\libc_nano.a(lib_a-nano-msizer.o)
 .debug_frame   0x000042c8       0x20 c:/program files (x86)/atollic/truestudio for arm 6.0.0/armtools/bin/../lib/gcc/arm-atollic-eabi/5.3.1/../../../../arm-atollic-eabi/lib/armv7e-m/fpu\libnosys.a(sbrk.o)

.stabstr        0x00000000       0x76
 .stabstr       0x00000000       0x76 c:/program files (x86)/atollic/truestudio for arm 6.0.0/armtools/bin/../lib/gcc/arm-atollic-eabi/5.3.1/../../../../arm-atollic-eabi/lib/armv7e-m/fpu\libnosys.a(getpid.o)

Cross Reference Table

Symbol                                            File
ADC_IRQHandler                                    mbed\hal\targets\cmsis\TARGET_STM\TARGET_STM32F4\TARGET_STM32F407VG\TOOLCHAIN_GCC_ARM\startup_stm32f407xx.o
AHBPrescTable                                     mbed\hal\targets\cmsis\TARGET_STM\TARGET_STM32F4\TARGET_STM32F407VG\system_stm32f4xx.o
APBAHBPrescTable                                  mbed\hal\targets\cmsis\TARGET_STM\TARGET_STM32F4\stm32f4xx_hal_rcc.o
AdcHandle                                         mbed\hal\targets\hal\TARGET_STM\TARGET_STM32F4\analogin_api.o
BusFault_Handler                                  mbed\hal\targets\cmsis\TARGET_STM\TARGET_STM32F4\TARGET_STM32F407VG\TOOLCHAIN_GCC_ARM\startup_stm32f407xx.o
CAN1_RX0_IRQHandler                               mbed\hal\targets\cmsis\TARGET_STM\TARGET_STM32F4\TARGET_STM32F407VG\TOOLCHAIN_GCC_ARM\startup_stm32f407xx.o
CAN1_RX1_IRQHandler                               mbed\hal\targets\cmsis\TARGET_STM\TARGET_STM32F4\TARGET_STM32F407VG\TOOLCHAIN_GCC_ARM\startup_stm32f407xx.o
CAN1_SCE_IRQHandler                               mbed\hal\targets\cmsis\TARGET_STM\TARGET_STM32F4\TARGET_STM32F407VG\TOOLCHAIN_GCC_ARM\startup_stm32f407xx.o
CAN1_TX_IRQHandler                                mbed\hal\targets\cmsis\TARGET_STM\TARGET_STM32F4\TARGET_STM32F407VG\TOOLCHAIN_GCC_ARM\startup_stm32f407xx.o
CAN2_RX0_IRQHandler                               mbed\hal\targets\cmsis\TARGET_STM\TARGET_STM32F4\TARGET_STM32F407VG\TOOLCHAIN_GCC_ARM\startup_stm32f407xx.o
CAN2_RX1_IRQHandler                               mbed\hal\targets\cmsis\TARGET_STM\TARGET_STM32F4\TARGET_STM32F407VG\TOOLCHAIN_GCC_ARM\startup_stm32f407xx.o
CAN2_SCE_IRQHandler                               mbed\hal\targets\cmsis\TARGET_STM\TARGET_STM32F4\TARGET_STM32F407VG\TOOLCHAIN_GCC_ARM\startup_stm32f407xx.o
CAN2_TX_IRQHandler                                mbed\hal\targets\cmsis\TARGET_STM\TARGET_STM32F4\TARGET_STM32F407VG\TOOLCHAIN_GCC_ARM\startup_stm32f407xx.o
DAC_DMAConvCpltCh2                                mbed\hal\targets\cmsis\TARGET_STM\TARGET_STM32F4\stm32f4xx_hal_dac_ex.o
                                                  mbed\hal\targets\cmsis\TARGET_STM\TARGET_STM32F4\stm32f4xx_hal_dac.o
DAC_DMAErrorCh2                                   mbed\hal\targets\cmsis\TARGET_STM\TARGET_STM32F4\stm32f4xx_hal_dac_ex.o
                                                  mbed\hal\targets\cmsis\TARGET_STM\TARGET_STM32F4\stm32f4xx_hal_dac.o
DAC_DMAHalfConvCpltCh2                            mbed\hal\targets\cmsis\TARGET_STM\TARGET_STM32F4\stm32f4xx_hal_dac_ex.o
                                                  mbed\hal\targets\cmsis\TARGET_STM\TARGET_STM32F4\stm32f4xx_hal_dac.o
DCMI_IRQHandler                                   mbed\hal\targets\cmsis\TARGET_STM\TARGET_STM32F4\TARGET_STM32F407VG\TOOLCHAIN_GCC_ARM\startup_stm32f407xx.o
DMA1_Stream0_IRQHandler                           mbed\hal\targets\cmsis\TARGET_STM\TARGET_STM32F4\TARGET_STM32F407VG\TOOLCHAIN_GCC_ARM\startup_stm32f407xx.o
DMA1_Stream1_IRQHandler                           mbed\hal\targets\cmsis\TARGET_STM\TARGET_STM32F4\TARGET_STM32F407VG\TOOLCHAIN_GCC_ARM\startup_stm32f407xx.o
DMA1_Stream2_IRQHandler                           mbed\hal\targets\cmsis\TARGET_STM\TARGET_STM32F4\TARGET_STM32F407VG\TOOLCHAIN_GCC_ARM\startup_stm32f407xx.o
DMA1_Stream3_IRQHandler                           mbed\hal\targets\cmsis\TARGET_STM\TARGET_STM32F4\TARGET_STM32F407VG\TOOLCHAIN_GCC_ARM\startup_stm32f407xx.o
DMA1_Stream4_IRQHandler                           mbed\hal\targets\cmsis\TARGET_STM\TARGET_STM32F4\TARGET_STM32F407VG\TOOLCHAIN_GCC_ARM\startup_stm32f407xx.o
DMA1_Stream5_IRQHandler                           mbed\hal\targets\cmsis\TARGET_STM\TARGET_STM32F4\TARGET_STM32F407VG\TOOLCHAIN_GCC_ARM\startup_stm32f407xx.o
DMA1_Stream6_IRQHandler                           mbed\hal\targets\cmsis\TARGET_STM\TARGET_STM32F4\TARGET_STM32F407VG\TOOLCHAIN_GCC_ARM\startup_stm32f407xx.o
DMA1_Stream7_IRQHandler                           mbed\hal\targets\cmsis\TARGET_STM\TARGET_STM32F4\TARGET_STM32F407VG\TOOLCHAIN_GCC_ARM\startup_stm32f407xx.o
DMA2_Stream0_IRQHandler                           mbed\hal\targets\cmsis\TARGET_STM\TARGET_STM32F4\TARGET_STM32F407VG\TOOLCHAIN_GCC_ARM\startup_stm32f407xx.o
DMA2_Stream1_IRQHandler                           mbed\hal\targets\cmsis\TARGET_STM\TARGET_STM32F4\TARGET_STM32F407VG\TOOLCHAIN_GCC_ARM\startup_stm32f407xx.o
DMA2_Stream2_IRQHandler                           mbed\hal\targets\cmsis\TARGET_STM\TARGET_STM32F4\TARGET_STM32F407VG\TOOLCHAIN_GCC_ARM\startup_stm32f407xx.o
DMA2_Stream3_IRQHandler                           mbed\hal\targets\cmsis\TARGET_STM\TARGET_STM32F4\TARGET_STM32F407VG\TOOLCHAIN_GCC_ARM\startup_stm32f407xx.o
DMA2_Stream4_IRQHandler                           mbed\hal\targets\cmsis\TARGET_STM\TARGET_STM32F4\TARGET_STM32F407VG\TOOLCHAIN_GCC_ARM\startup_stm32f407xx.o
DMA2_Stream5_IRQHandler                           mbed\hal\targets\cmsis\TARGET_STM\TARGET_STM32F4\TARGET_STM32F407VG\TOOLCHAIN_GCC_ARM\startup_stm32f407xx.o
DMA2_Stream6_IRQHandler                           mbed\hal\targets\cmsis\TARGET_STM\TARGET_STM32F4\TARGET_STM32F407VG\TOOLCHAIN_GCC_ARM\startup_stm32f407xx.o
DMA2_Stream7_IRQHandler                           mbed\hal\targets\cmsis\TARGET_STM\TARGET_STM32F4\TARGET_STM32F407VG\TOOLCHAIN_GCC_ARM\startup_stm32f407xx.o
DebugMon_Handler                                  mbed\hal\targets\cmsis\TARGET_STM\TARGET_STM32F4\TARGET_STM32F407VG\TOOLCHAIN_GCC_ARM\startup_stm32f407xx.o
Default_Handler                                   mbed\hal\targets\cmsis\TARGET_STM\TARGET_STM32F4\TARGET_STM32F407VG\TOOLCHAIN_GCC_ARM\startup_stm32f407xx.o
ETH_IRQHandler                                    mbed\hal\targets\cmsis\TARGET_STM\TARGET_STM32F4\TARGET_STM32F407VG\TOOLCHAIN_GCC_ARM\startup_stm32f407xx.o
ETH_WKUP_IRQHandler                               mbed\hal\targets\cmsis\TARGET_STM\TARGET_STM32F4\TARGET_STM32F407VG\TOOLCHAIN_GCC_ARM\startup_stm32f407xx.o
EXTI0_IRQHandler                                  mbed\hal\targets\cmsis\TARGET_STM\TARGET_STM32F4\TARGET_STM32F407VG\TOOLCHAIN_GCC_ARM\startup_stm32f407xx.o
EXTI15_10_IRQHandler                              mbed\hal\targets\cmsis\TARGET_STM\TARGET_STM32F4\TARGET_STM32F407VG\TOOLCHAIN_GCC_ARM\startup_stm32f407xx.o
EXTI1_IRQHandler                                  mbed\hal\targets\cmsis\TARGET_STM\TARGET_STM32F4\TARGET_STM32F407VG\TOOLCHAIN_GCC_ARM\startup_stm32f407xx.o
EXTI2_IRQHandler                                  mbed\hal\targets\cmsis\TARGET_STM\TARGET_STM32F4\TARGET_STM32F407VG\TOOLCHAIN_GCC_ARM\startup_stm32f407xx.o
EXTI3_IRQHandler                                  mbed\hal\targets\cmsis\TARGET_STM\TARGET_STM32F4\TARGET_STM32F407VG\TOOLCHAIN_GCC_ARM\startup_stm32f407xx.o
EXTI4_IRQHandler                                  mbed\hal\targets\cmsis\TARGET_STM\TARGET_STM32F4\TARGET_STM32F407VG\TOOLCHAIN_GCC_ARM\startup_stm32f407xx.o
EXTI9_5_IRQHandler                                mbed\hal\targets\cmsis\TARGET_STM\TARGET_STM32F4\TARGET_STM32F407VG\TOOLCHAIN_GCC_ARM\startup_stm32f407xx.o
FLASH_Erase_Sector                                mbed\hal\targets\cmsis\TARGET_STM\TARGET_STM32F4\stm32f4xx_hal_flash_ex.o
                                                  mbed\hal\targets\cmsis\TARGET_STM\TARGET_STM32F4\stm32f4xx_hal_flash.o
FLASH_FlushCaches                                 mbed\hal\targets\cmsis\TARGET_STM\TARGET_STM32F4\stm32f4xx_hal_flash_ex.o
                                                  mbed\hal\targets\cmsis\TARGET_STM\TARGET_STM32F4\stm32f4xx_hal_flash.o
FLASH_IRQHandler                                  mbed\hal\targets\cmsis\TARGET_STM\TARGET_STM32F4\TARGET_STM32F407VG\TOOLCHAIN_GCC_ARM\startup_stm32f407xx.o
FLASH_WaitForLastOperation                        mbed\hal\targets\cmsis\TARGET_STM\TARGET_STM32F4\stm32f4xx_hal_flash.o
                                                  mbed\hal\targets\cmsis\TARGET_STM\TARGET_STM32F4\stm32f4xx_hal_flash_ex.o
FPU_IRQHandler                                    mbed\hal\targets\cmsis\TARGET_STM\TARGET_STM32F4\TARGET_STM32F407VG\TOOLCHAIN_GCC_ARM\startup_stm32f407xx.o
FSMC_IRQHandler                                   mbed\hal\targets\cmsis\TARGET_STM\TARGET_STM32F4\TARGET_STM32F407VG\TOOLCHAIN_GCC_ARM\startup_stm32f407xx.o
FSMC_NAND_AttributeSpace_Timing_Init              mbed\hal\targets\cmsis\TARGET_STM\TARGET_STM32F4\stm32f4xx_ll_fsmc.o
                                                  mbed\hal\targets\cmsis\TARGET_STM\TARGET_STM32F4\stm32f4xx_hal_nand.o
FSMC_NAND_CommonSpace_Timing_Init                 mbed\hal\targets\cmsis\TARGET_STM\TARGET_STM32F4\stm32f4xx_ll_fsmc.o
                                                  mbed\hal\targets\cmsis\TARGET_STM\TARGET_STM32F4\stm32f4xx_hal_nand.o
FSMC_NAND_DeInit                                  mbed\hal\targets\cmsis\TARGET_STM\TARGET_STM32F4\stm32f4xx_ll_fsmc.o
                                                  mbed\hal\targets\cmsis\TARGET_STM\TARGET_STM32F4\stm32f4xx_hal_nand.o
FSMC_NAND_ECC_Disable                             mbed\hal\targets\cmsis\TARGET_STM\TARGET_STM32F4\stm32f4xx_ll_fsmc.o
                                                  mbed\hal\targets\cmsis\TARGET_STM\TARGET_STM32F4\stm32f4xx_hal_nand.o
FSMC_NAND_ECC_Enable                              mbed\hal\targets\cmsis\TARGET_STM\TARGET_STM32F4\stm32f4xx_ll_fsmc.o
                                                  mbed\hal\targets\cmsis\TARGET_STM\TARGET_STM32F4\stm32f4xx_hal_nand.o
FSMC_NAND_GetECC                                  mbed\hal\targets\cmsis\TARGET_STM\TARGET_STM32F4\stm32f4xx_ll_fsmc.o
                                                  mbed\hal\targets\cmsis\TARGET_STM\TARGET_STM32F4\stm32f4xx_hal_nand.o
FSMC_NAND_Init                                    mbed\hal\targets\cmsis\TARGET_STM\TARGET_STM32F4\stm32f4xx_ll_fsmc.o
                                                  mbed\hal\targets\cmsis\TARGET_STM\TARGET_STM32F4\stm32f4xx_hal_nand.o
FSMC_NORSRAM_DeInit                               mbed\hal\targets\cmsis\TARGET_STM\TARGET_STM32F4\stm32f4xx_ll_fsmc.o
                                                  mbed\hal\targets\cmsis\TARGET_STM\TARGET_STM32F4\stm32f4xx_hal_sram.o
                                                  mbed\hal\targets\cmsis\TARGET_STM\TARGET_STM32F4\stm32f4xx_hal_nor.o
FSMC_NORSRAM_Extended_Timing_Init                 mbed\hal\targets\cmsis\TARGET_STM\TARGET_STM32F4\stm32f4xx_ll_fsmc.o
                                                  mbed\hal\targets\cmsis\TARGET_STM\TARGET_STM32F4\stm32f4xx_hal_sram.o